Archive member included to satisfy reference by file (symbol)

.\CortexM3\ARM_GCC_541\Debug\VDAC_v1.a(ADC.o)
                              .\CortexM3\ARM_GCC_541\Debug\main.o (ADC_Start)
.\CortexM3\ARM_GCC_541\Debug\VDAC_v1.a(ADC_INT.o)
                              .\CortexM3\ARM_GCC_541\Debug\VDAC_v1.a(ADC.o) (ADC_ISR)
.\CortexM3\ARM_GCC_541\Debug\VDAC_v1.a(UART_1.o)
                              .\CortexM3\ARM_GCC_541\Debug\main.o (UART_1_Start)
.\CortexM3\ARM_GCC_541\Debug\VDAC_v1.a(VDAC8_1.o)
                              .\CortexM3\ARM_GCC_541\Debug\main.o (VDAC8_1_SetValue)
.\CortexM3\ARM_GCC_541\Debug\VDAC_v1.a(ADC_theACLK.o)
                              .\CortexM3\ARM_GCC_541\Debug\VDAC_v1.a(ADC.o) (ADC_theACLK_SetModeRegister)
.\CortexM3\ARM_GCC_541\Debug\VDAC_v1.a(UART_1_IntClock.o)
                              .\CortexM3\ARM_GCC_541\Debug\VDAC_v1.a(UART_1.o) (UART_1_IntClock_Start)
.\CortexM3\ARM_GCC_541\Debug\VDAC_v1.a(CyLib.o)
                              .\CortexM3\ARM_GCC_541\Debug\Cm3Start.o (CyHalt)
.\CortexM3\ARM_GCC_541\Debug\VDAC_v1.a(cyPm.o)
                              .\CortexM3\ARM_GCC_541\Debug\VDAC_v1.a(CyLib.o) (CyPmReadStatus)
.\CortexM3\ARM_GCC_541\Debug\VDAC_v1.a(CyBootAsmGnu.o)
                              .\CortexM3\ARM_GCC_541\Debug\cyfitter_cfg.o (CyDelayCycles)
.\CortexM3\ARM_GCC_541\Debug\VDAC_v1.a(CyFlash.o)
                              .\CortexM3\ARM_GCC_541\Debug\VDAC_v1.a(cyPm.o) (CyFlash_SetWaitCycles)
.\CortexM3\ARM_GCC_541\Debug\VDAC_v1.a(CySpc.o)
                              .\CortexM3\ARM_GCC_541\Debug\VDAC_v1.a(CyFlash.o) (CySpcStart)
c:/program files (x86)/cypress/psoc creator/4.3/psoc creator/import/gnu/arm/5.4.1/bin/../lib/gcc/arm-none-eabi/5.4.1/armv7-m\libgcc.a(_arm_addsubsf3.o)
                              .\CortexM3\ARM_GCC_541\Debug\VDAC_v1.a(ADC.o) (__aeabi_i2f)
c:/program files (x86)/cypress/psoc creator/4.3/psoc creator/import/gnu/arm/5.4.1/bin/../lib/gcc/arm-none-eabi/5.4.1/armv7-m\libgcc.a(_arm_muldivsf3.o)
                              .\CortexM3\ARM_GCC_541\Debug\VDAC_v1.a(ADC.o) (__aeabi_fmul)
c:/program files (x86)/cypress/psoc creator/4.3/psoc creator/import/gnu/arm/5.4.1/bin/../lib/gcc/arm-none-eabi/5.4.1/armv7-m\libgcc.a(_aeabi_ldivmod.o)
                              .\CortexM3\ARM_GCC_541\Debug\VDAC_v1.a(ADC.o) (__aeabi_ldivmod)
c:/program files (x86)/cypress/psoc creator/4.3/psoc creator/import/gnu/arm/5.4.1/bin/../lib/gcc/arm-none-eabi/5.4.1/armv7-m\libgcc.a(_udivmoddi4.o)
                              c:/program files (x86)/cypress/psoc creator/4.3/psoc creator/import/gnu/arm/5.4.1/bin/../lib/gcc/arm-none-eabi/5.4.1/armv7-m\libgcc.a(_aeabi_ldivmod.o) (__udivmoddi4)
c:/program files (x86)/cypress/psoc creator/4.3/psoc creator/import/gnu/arm/5.4.1/bin/../lib/gcc/arm-none-eabi/5.4.1/armv7-m\libgcc.a(_dvmd_tls.o)
                              c:/program files (x86)/cypress/psoc creator/4.3/psoc creator/import/gnu/arm/5.4.1/bin/../lib/gcc/arm-none-eabi/5.4.1/armv7-m\libgcc.a(_aeabi_ldivmod.o) (__aeabi_ldiv0)
c:/program files (x86)/cypress/psoc creator/4.3/psoc creator/import/gnu/arm/5.4.1/bin/../lib/gcc/arm-none-eabi/5.4.1/../../../../arm-none-eabi/lib/armv7-m\libg_nano.a(lib_a-errno.o)
                              .\CortexM3\ARM_GCC_541\Debug\Cm3Start.o (__errno)
c:/program files (x86)/cypress/psoc creator/4.3/psoc creator/import/gnu/arm/5.4.1/bin/../lib/gcc/arm-none-eabi/5.4.1/../../../../arm-none-eabi/lib/armv7-m\libg_nano.a(lib_a-exit.o)
                              c:/program files (x86)/cypress/psoc creator/4.3/psoc creator/import/gnu/arm/5.4.1/bin/../lib/gcc/arm-none-eabi/5.4.1/../../../../arm-none-eabi/lib/armv7-m/crt0.o (exit)
c:/program files (x86)/cypress/psoc creator/4.3/psoc creator/import/gnu/arm/5.4.1/bin/../lib/gcc/arm-none-eabi/5.4.1/../../../../arm-none-eabi/lib/armv7-m\libg_nano.a(lib_a-impure.o)
                              c:/program files (x86)/cypress/psoc creator/4.3/psoc creator/import/gnu/arm/5.4.1/bin/../lib/gcc/arm-none-eabi/5.4.1/../../../../arm-none-eabi/lib/armv7-m\libg_nano.a(lib_a-exit.o) (_global_impure_ptr)
c:/program files (x86)/cypress/psoc creator/4.3/psoc creator/import/gnu/arm/5.4.1/bin/../lib/gcc/arm-none-eabi/5.4.1/../../../../arm-none-eabi/lib/armv7-m\libg_nano.a(lib_a-init.o)
                              c:/program files (x86)/cypress/psoc creator/4.3/psoc creator/import/gnu/arm/5.4.1/bin/../lib/gcc/arm-none-eabi/5.4.1/../../../../arm-none-eabi/lib/armv7-m/crt0.o (__libc_init_array)
c:/program files (x86)/cypress/psoc creator/4.3/psoc creator/import/gnu/arm/5.4.1/bin/../lib/gcc/arm-none-eabi/5.4.1/../../../../arm-none-eabi/lib/armv7-m\libg_nano.a(lib_a-memcpy-stub.o)
                              .\CortexM3\ARM_GCC_541\Debug\cyfitter_cfg.o (memcpy)
c:/program files (x86)/cypress/psoc creator/4.3/psoc creator/import/gnu/arm/5.4.1/bin/../lib/gcc/arm-none-eabi/5.4.1/../../../../arm-none-eabi/lib/armv7-m\libg_nano.a(lib_a-memset.o)
[...]
Memory Configuration

Name             Origin             Length             Attributes
rom              0x00000000         0x00040000         xr
ram              0x1fff8000         0x00010000         xrw
*default*        0x00000000         0xffffffff

Linker script and memory map

LOAD c:/program files (x86)/cypress/psoc creator/4.3/psoc creator/import/gnu/arm/5.4.1/bin/../lib/gcc/arm-none-eabi/5.4.1/armv7-m/crti.o
LOAD c:/program files (x86)/cypress/psoc creator/4.3/psoc creator/import/gnu/arm/5.4.1/bin/../lib/gcc/arm-none-eabi/5.4.1/armv7-m/crtbegin.o
LOAD c:/program files (x86)/cypress/psoc creator/4.3/psoc creator/import/gnu/arm/5.4.1/bin/../lib/gcc/arm-none-eabi/5.4.1/../../../../arm-none-eabi/lib/armv7-m/crt0.o
START GROUP
LOAD .\CortexM3\ARM_GCC_541\Debug\main.o
LOAD .\CortexM3\ARM_GCC_541\Debug\cyfitter_cfg.o
LOAD .\CortexM3\ARM_GCC_541\Debug\cymetadata.o
LOAD .\CortexM3\ARM_GCC_541\Debug\Cm3Start.o
LOAD .\CortexM3\ARM_GCC_541\Debug\VDAC_v1.a
LOAD C:\Program Files (x86)\Cypress\PSoC Creator\4.3\PSoC Creator\psoc\content\cycomponentlibrary\CyComponentLibrary.cylib\CortexM3\ARM_GCC_541\Debug\CyComponentLibrary.a
END GROUP
START GROUP
LOAD c:/program files (x86)/cypress/psoc creator/4.3/psoc creator/import/gnu/arm/5.4.1/bin/../lib/gcc/arm-none-eabi/5.4.1/armv7-m\libgcc.a
LOAD c:/program files (x86)/cypress/psoc creator/4.3/psoc creator/import/gnu/arm/5.4.1/bin/../lib/gcc/arm-none-eabi/5.4.1/../../../../arm-none-eabi/lib/armv7-m\libg_nano.a
LOAD c:/program files (x86)/cypress/psoc creator/4.3/psoc creator/import/gnu/arm/5.4.1/bin/../lib/gcc/arm-none-eabi/5.4.1/../../../../arm-none-eabi/lib/armv7-m\libc_nano.a
END GROUP
START GROUP
LOAD c:/program files (x86)/cypress/psoc creator/4.3/psoc creator/import/gnu/arm/5.4.1/bin/../lib/gcc/arm-none-eabi/5.4.1/armv7-m\libgcc.a
LOAD c:/program files (x86)/cypress/psoc creator/4.3/psoc creator/import/gnu/arm/5.4.1/bin/../lib/gcc/arm-none-eabi/5.4.1/../../../../arm-none-eabi/lib/armv7-m\libc_nano.a
END GROUP
LOAD c:/program files (x86)/cypress/psoc creator/4.3/psoc creator/import/gnu/arm/5.4.1/bin/../lib/gcc/arm-none-eabi/5.4.1/armv7-m/crtend.o
LOAD c:/program files (x86)/cypress/psoc creator/4.3/psoc creator/import/gnu/arm/5.4.1/bin/../lib/gcc/arm-none-eabi/5.4.1/armv7-m/crtn.o
START GROUP
LOAD c:/program files (x86)/cypress/psoc creator/4.3/psoc creator/import/gnu/arm/5.4.1/bin/../lib/gcc/arm-none-eabi/5.4.1/armv7-m\libgcc.a
LOAD c:/program files (x86)/cypress/psoc creator/4.3/psoc creator/import/gnu/arm/5.4.1/bin/../lib/gcc/arm-none-eabi/5.4.1/../../../../arm-none-eabi/lib/armv7-m\libc.a
LOAD c:/program files (x86)/cypress/psoc creator/4.3/psoc creator/import/gnu/arm/5.4.1/bin/../lib/gcc/arm-none-eabi/5.4.1/../../../../arm-none-eabi/lib/armv7-m\libnosys.a
END GROUP
                0x00000000                CY_APPL_ORIGIN = 0x0
                0x00000100                CY_FLASH_ROW_SIZE = 0x100
                0x00000020                CY_ECC_ROW_SIZE = 0x20
                0x00000000                CY_EE_IN_BTLDR = 0x0
                0x00000000                CY_APPL_LOADABLE = 0x0
                0x00000800                CY_EE_SIZE = 0x800
                0x00000001                CY_APPL_NUM = 0x1
                0x00000001                CY_APPL_MAX = 0x1
                0x00000040                CY_METADATA_SIZE = 0x40
                0x00000000                CY_APPL_LOADABLE = 0x0
                0x00000000                CY_CHECKSUM_EXCLUDE_SIZE = ALIGN (0x0, CY_FLASH_ROW_SIZE)
                [!provide]                PROVIDE (__cy_heap_start, _end)
                0x00000001                PROVIDE (__cy_region_num, ((__cy_regions_end - __cy_regions) / 0x10))
                0x20008000                PROVIDE (__cy_stack, (ORIGIN (ram) + LENGTH (ram)))
                [!provide]                PROVIDE (__cy_heap_end, (__cy_stack - 0x800))

.cybootloader   0x00000000        0x0
 *(.cybootloader)
                0x00000000                appl1_start = CY_APPL_ORIGIN?CY_APPL_ORIGIN:ALIGN (CY_FLASH_ROW_SIZE)
                0x0001ff00                appl2_start = (appl1_start + ALIGN ((((LENGTH (rom) - appl1_start) - (0x2 * CY_FLASH_ROW_SIZE)) / 0x2), CY_FLASH_ROW_SIZE))
                0x00000000                appl_start = (CY_APPL_NUM == 0x1)?appl1_start:appl2_start
                0x00000000                ecc_offset = ((appl_start / CY_FLASH_ROW_SIZE) * CY_ECC_ROW_SIZE)
                0x00000000                ee_offset = (CY_APPL_LOADABLE && ! (CY_EE_IN_BTLDR))?((CY_EE_SIZE / CY_APPL_MAX) * (CY_APPL_NUM - 0x1)):0x0
                0x00000800                ee_size = (CY_APPL_LOADABLE && ! (CY_EE_IN_BTLDR))?(CY_EE_SIZE / CY_APPL_MAX):CY_EE_SIZE
                [!provide]                PROVIDE (CY_ECC_OFFSET, ecc_offset)

.text           0x00000000     0x1198
 CREATE_OBJECT_SYMBOLS
                0x00000000                PROVIDE (__cy_interrupt_vector, RomVectors)
 *(.romvectors)
 .romvectors    0x00000000       0x10 .\CortexM3\ARM_GCC_541\Debug\Cm3Start.o
                0x00000000                RomVectors
                0x00000001                ASSERT ((. != __cy_interrupt_vector), No interrupt vector)
                0x00000001                ASSERT (CY_APPL_ORIGIN?(SIZEOF (.cybootloader) <= CY_APPL_ORIGIN):0x1, Wrong image location)
                0x00000010                PROVIDE (__cy_reset, Reset)
 *(.text.Reset)
 .text.Reset    0x00000010       0x18 .\CortexM3\ARM_GCC_541\Debug\Cm3Start.o
                0x00000010                Reset
                0x00000001                ASSERT ((. != __cy_reset), No reset code)
 *(.dma_init)
                0x00000001                ASSERT ((((appl_start + .) <= 0x10000) || 0x1), DMA Init must be within the first 64k of flash)
 *(.text .text.* .gnu.linkonce.t.*)
 .text          0x00000028       0x5c c:/program files (x86)/cypress/psoc creator/4.3/psoc creator/import/gnu/arm/5.4.1/bin/../lib/gcc/arm-none-eabi/5.4.1/armv7-m/crtbegin.o
 .text.main     0x00000084       0x4c .\CortexM3\ARM_GCC_541\Debug\main.o
                0x00000084                main
 .text.CyClockStartupError
                0x000000d0        0x4 .\CortexM3\ARM_GCC_541\Debug\cyfitter_cfg.o
 .text.cfg_write_bytes32
                0x000000d4       0x34 .\CortexM3\ARM_GCC_541\Debug\cyfitter_cfg.o
 .text.CYMEMZERO
                0x00000108        0xc .\CortexM3\ARM_GCC_541\Debug\cyfitter_cfg.o
 .text.AnalogSetDefault
                0x00000114       0x84 .\CortexM3\ARM_GCC_541\Debug\cyfitter_cfg.o
 .text.CYCONFIGCPY
                0x00000198        0x8 .\CortexM3\ARM_GCC_541\Debug\cyfitter_cfg.o
 .text.ClockSetup
                0x000001a0       0xe4 .\CortexM3\ARM_GCC_541\Debug\cyfitter_cfg.o
 .text.cyfitter_cfg
                0x00000284      0x110 .\CortexM3\ARM_GCC_541\Debug\cyfitter_cfg.o
                0x00000284                cyfitter_cfg
 .text.IntDefaultHandler
                0x00000394       0x10 .\CortexM3\ARM_GCC_541\Debug\Cm3Start.o
                0x00000394                IntDefaultHandler
 .text._sbrk    0x000003a4       0x30 .\CortexM3\ARM_GCC_541\Debug\Cm3Start.o
                0x000003a4                _sbrk
 .text.Start_c  0x000003d4       0x4c .\CortexM3\ARM_GCC_541\Debug\Cm3Start.o
                0x000003d4                Start_c
 .text.initialize_psoc
                0x00000420       0x68 .\CortexM3\ARM_GCC_541\Debug\Cm3Start.o
                0x00000420                initialize_psoc
 .text.ADC_CalcGain
                0x00000488       0x64 .\CortexM3\ARM_GCC_541\Debug\VDAC_v1.a(ADC.o)
 .text.ADC_Enable
                0x000004ec       0x94 .\CortexM3\ARM_GCC_541\Debug\VDAC_v1.a(ADC.o)
                0x000004ec                ADC_Enable
 .text.ADC_SetResolution
                0x00000580       0x38 .\CortexM3\ARM_GCC_541\Debug\VDAC_v1.a(ADC.o)
                0x00000580                ADC_SetResolution
 .text.ADC_Init
                0x000005b8       0x3c .\CortexM3\ARM_GCC_541\Debug\VDAC_v1.a(ADC.o)
                0x000005b8                ADC_Init
 .text.ADC_Start
                0x000005f4       0x1c .\CortexM3\ARM_GCC_541\Debug\VDAC_v1.a(ADC.o)
                0x000005f4                ADC_Start
 .text.ADC_StartConvert
                0x00000610       0x10 .\CortexM3\ARM_GCC_541\Debug\VDAC_v1.a(ADC.o)
                0x00000610                ADC_StartConvert
 .text.ADC_IsEndConversion
                0x00000620       0x24 .\CortexM3\ARM_GCC_541\Debug\VDAC_v1.a(ADC.o)
                0x00000620                ADC_IsEndConversion
 .text.ADC_GetResult16
                0x00000644       0x18 .\CortexM3\ARM_GCC_541\Debug\VDAC_v1.a(ADC.o)
                0x00000644                ADC_GetResult16
 .text.ADC_ISR  0x0000065c        0x4 .\CortexM3\ARM_GCC_541\Debug\VDAC_v1.a(ADC_INT.o)
                0x0000065c                ADC_ISR
 .text.UART_1_Init
                0x00000660       0x24 .\CortexM3\ARM_GCC_541\Debug\VDAC_v1.a(UART_1.o)
                0x00000660                UART_1_Init
 .text.UART_1_Enable
                0x00000684       0x38 .\CortexM3\ARM_GCC_541\Debug\VDAC_v1.a(UART_1.o)
                0x00000684                UART_1_Enable
 .text.UART_1_Start
                0x000006bc       0x1c .\CortexM3\ARM_GCC_541\Debug\VDAC_v1.a(UART_1.o)
                0x000006bc                UART_1_Start
 .text.UART_1_PutChar
                0x000006d8       0x18 .\CortexM3\ARM_GCC_541\Debug\VDAC_v1.a(UART_1.o)
                0x000006d8                UART_1_PutChar
 .text.UART_1_PutString
                0x000006f0       0x24 .\CortexM3\ARM_GCC_541\Debug\VDAC_v1.a(UART_1.o)
                0x000006f0                UART_1_PutString
 .text.VDAC8_1_Enable
                0x00000714       0x1c .\CortexM3\ARM_GCC_541\Debug\VDAC_v1.a(VDAC8_1.o)
                0x00000714                VDAC8_1_Enable
 .text.VDAC8_1_SetSpeed
                0x00000730       0x1c .\CortexM3\ARM_GCC_541\Debug\VDAC_v1.a(VDAC8_1.o)
                0x00000730                VDAC8_1_SetSpeed
 .text.VDAC8_1_SetValue
                0x0000074c        0xc .\CortexM3\ARM_GCC_541\Debug\VDAC_v1.a(VDAC8_1.o)
                0x0000074c                VDAC8_1_SetValue
 .text.VDAC8_1_DacTrim
                0x00000758       0x24 .\CortexM3\ARM_GCC_541\Debug\VDAC_v1.a(VDAC8_1.o)
                0x00000758                VDAC8_1_DacTrim
 .text.VDAC8_1_SetRange
                0x0000077c       0x20 .\CortexM3\ARM_GCC_541\Debug\VDAC_v1.a(VDAC8_1.o)
                0x0000077c                VDAC8_1_SetRange
 .text.VDAC8_1_Init
                0x0000079c       0x20 .\CortexM3\ARM_GCC_541\Debug\VDAC_v1.a(VDAC8_1.o)
                0x0000079c                VDAC8_1_Init
 .text.VDAC8_1_Start
                0x000007bc       0x24 .\CortexM3\ARM_GCC_541\Debug\VDAC_v1.a(VDAC8_1.o)
                0x000007bc                VDAC8_1_Start
 .text.ADC_theACLK_SetModeRegister
                0x000007e0       0x14 .\CortexM3\ARM_GCC_541\Debug\VDAC_v1.a(ADC_theACLK.o)
                0x000007e0                ADC_theACLK_SetModeRegister
 .text.UART_1_IntClock_Start
                0x000007f4       0x1c .\CortexM3\ARM_GCC_541\Debug\VDAC_v1.a(UART_1_IntClock.o)
                0x000007f4                UART_1_IntClock_Start
 .text.CyHalt   0x00000810        0x4 .\CortexM3\ARM_GCC_541\Debug\VDAC_v1.a(CyLib.o)
                0x00000810                CyHalt
 .text.CyDelay  0x00000814       0x2c .\CortexM3\ARM_GCC_541\Debug\VDAC_v1.a(CyLib.o)
                0x00000814                CyDelay
 .text.CyDelayUs
                0x00000840       0x14 .\CortexM3\ARM_GCC_541\Debug\VDAC_v1.a(CyLib.o)
                0x00000840                CyDelayUs
 .text.CyIntSetVector
                0x00000854       0x28 .\CortexM3\ARM_GCC_541\Debug\VDAC_v1.a(CyLib.o)
                0x00000854                CyIntSetVector
 .text.CyIntSetPriority
                0x0000087c       0x30 .\CortexM3\ARM_GCC_541\Debug\VDAC_v1.a(CyLib.o)
                0x0000087c                CyIntSetPriority
 *fill*         0x000008ac        0x4 
 .text          0x000008b0       0x20 .\CortexM3\ARM_GCC_541\Debug\VDAC_v1.a(CyBootAsmGnu.o)
                0x000008b0                CyDelayCycles
                0x000008c0                CyEnterCriticalSection
                0x000008c8                CyExitCriticalSection
 .text.__errno  0x000008d0        0xc c:/program files (x86)/cypress/psoc creator/4.3/psoc creator/import/gnu/arm/5.4.1/bin/../lib/gcc/arm-none-eabi/5.4.1/../../../../arm-none-eabi/lib/armv7-m\libg_nano.a(lib_a-errno.o)
                0x000008d0                __errno
 .text.__libc_init_array
                0x000008dc       0x4c c:/program files (x86)/cypress/psoc creator/4.3/psoc creator/import/gnu/arm/5.4.1/bin/../lib/gcc/arm-none-eabi/5.4.1/../../../../arm-none-eabi/lib/armv7-m\libg_nano.a(lib_a-init.o)
                0x000008dc                __libc_init_array
 .text.memcpy   0x00000928       0x16 c:/program files (x86)/cypress/psoc creator/4.3/psoc creator/import/gnu/arm/5.4.1/bin/../lib/gcc/arm-none-eabi/5.4.1/../../../../arm-none-eabi/lib/armv7-m\libg_nano.a(lib_a-memcpy-stub.o)
                0x00000928                memcpy
 .text.memset   0x0000093e       0x10 c:/program files (x86)/cypress/psoc creator/4.3/psoc creator/import/gnu/arm/5.4.1/bin/../lib/gcc/arm-none-eabi/5.4.1/../../../../arm-none-eabi/lib/armv7-m\libg_nano.a(lib_a-memset.o)
                0x0000093e                memset
 *fill*         0x0000094e        0x2 
 .text.sprintf  0x00000950       0x48 c:/program files (x86)/cypress/psoc creator/4.3/psoc creator/import/gnu/arm/5.4.1/bin/../lib/gcc/arm-none-eabi/5.4.1/../../../../arm-none-eabi/lib/armv7-m\libg_nano.a(lib_a-sprintf.o)
                0x00000950                siprintf
                0x00000950                sprintf
 .text.__ssputs_r
                0x00000998       0xb2 c:/program files (x86)/cypress/psoc creator/4.3/psoc creator/import/gnu/arm/5.4.1/bin/../lib/gcc/arm-none-eabi/5.4.1/../../../../arm-none-eabi/lib/armv7-m\libg_nano.a(lib_a-nano-svfprintf.o)
                0x00000998                __ssputs_r
 *fill*         0x00000a4a        0x2 
 .text._svfprintf_r
                0x00000a4c      0x1e8 c:/program files (x86)/cypress/psoc creator/4.3/psoc creator/import/gnu/arm/5.4.1/bin/../lib/gcc/arm-none-eabi/5.4.1/../../../../arm-none-eabi/lib/armv7-m\libg_nano.a(lib_a-nano-svfprintf.o)
                0x00000a4c                _svfiprintf_r
                0x00000a4c                _svfprintf_r
 .text._printf_common
                0x00000c34       0xec c:/program files (x86)/cypress/psoc creator/4.3/psoc creator/import/gnu/arm/5.4.1/bin/../lib/gcc/arm-none-eabi/5.4.1/../../../../arm-none-eabi/lib/armv7-m\libg_nano.a(lib_a-nano-vfprintf_i.o)
                0x00000c34                _printf_common
 .text._printf_i
                0x00000d20      0x24c c:/program files (x86)/cypress/psoc creator/4.3/psoc creator/import/gnu/arm/5.4.1/bin/../lib/gcc/arm-none-eabi/5.4.1/../../../../arm-none-eabi/lib/armv7-m\libg_nano.a(lib_a-nano-vfprintf_i.o)
                0x00000d20                _printf_i
 .text.memchr   0x00000f6c       0x1c c:/program files (x86)/cypress/psoc creator/4.3/psoc creator/import/gnu/arm/5.4.1/bin/../lib/gcc/arm-none-eabi/5.4.1/../../../../arm-none-eabi/lib/armv7-m\libg_nano.a(lib_a-memchr-stub.o)
                0x00000f6c                memchr
 .text.memmove  0x00000f88       0x36 c:/program files (x86)/cypress/psoc creator/4.3/psoc creator/import/gnu/arm/5.4.1/bin/../lib/gcc/arm-none-eabi/5.4.1/../../../../arm-none-eabi/lib/armv7-m\libg_nano.a(lib_a-memmove.o)
                0x00000f88                memmove
 *fill*         0x00000fbe        0x2 
 .text._free_r  0x00000fc0       0x98 c:/program files (x86)/cypress/psoc creator/4.3/psoc creator/import/gnu/arm/5.4.1/bin/../lib/gcc/arm-none-eabi/5.4.1/../../../../arm-none-eabi/lib/armv7-m\libg_nano.a(lib_a-nano-freer.o)
                0x00000fc0                _free_r
 .text._malloc_r
                0x00001058       0xbc c:/program files (x86)/cypress/psoc creator/4.3/psoc creator/import/gnu/arm/5.4.1/bin/../lib/gcc/arm-none-eabi/5.4.1/../../../../arm-none-eabi/lib/armv7-m\libg_nano.a(lib_a-nano-mallocr.o)
                0x00001058                _malloc_r
 .text._realloc_r
                0x00001114       0x4c c:/program files (x86)/cypress/psoc creator/4.3/psoc creator/import/gnu/arm/5.4.1/bin/../lib/gcc/arm-none-eabi/5.4.1/../../../../arm-none-eabi/lib/armv7-m\libg_nano.a(lib_a-nano-reallocr.o)
                0x00001114                _realloc_r
 .text._sbrk_r  0x00001160       0x20 c:/program files (x86)/cypress/psoc creator/4.3/psoc creator/import/gnu/arm/5.4.1/bin/../lib/gcc/arm-none-eabi/5.4.1/../../../../arm-none-eabi/lib/armv7-m\libg_nano.a(lib_a-sbrkr.o)
                0x00001160                _sbrk_r
 .text.__malloc_lock
                0x00001180        0x2 c:/program files (x86)/cypress/psoc creator/4.3/psoc creator/import/gnu/arm/5.4.1/bin/../lib/gcc/arm-none-eabi/5.4.1/../../../../arm-none-eabi/lib/armv7-m\libg_nano.a(lib_a-mlock.o)
                0x00001180                __malloc_lock
 .text.__malloc_unlock
                0x00001182        0x2 c:/program files (x86)/cypress/psoc creator/4.3/psoc creator/import/gnu/arm/5.4.1/bin/../lib/gcc/arm-none-eabi/5.4.1/../../../../arm-none-eabi/lib/armv7-m\libg_nano.a(lib_a-mlock.o)
                0x00001182                __malloc_unlock
 .text._malloc_usable_size_r
                0x00001184       0x14 c:/program files (x86)/cypress/psoc creator/4.3/psoc creator/import/gnu/arm/5.4.1/bin/../lib/gcc/arm-none-eabi/5.4.1/../../../../arm-none-eabi/lib/armv7-m\libg_nano.a(lib_a-nano-msizer.o)
                0x00001184                _malloc_usable_size_r
 *(.plt)
 *(.gnu.warning)
 *(.glue_7t)
 .glue_7t       0x00001198        0x0 linker stubs
 *(.glue_7)
 .glue_7        0x00001198        0x0 linker stubs
 *(.vfp11_veneer)
 .vfp11_veneer  0x00001198        0x0 linker stubs
 *(.bootloader)
 *(.ARM.extab* .gnu.linkonce.armextab.*)
 *(.gcc_except_table)

.v4_bx          0x00001198        0x0
 .v4_bx         0x00001198        0x0 linker stubs

.iplt           0x00001198        0x0
 .iplt          0x00001198        0x0 c:/program files (x86)/cypress/psoc creator/4.3/psoc creator/import/gnu/arm/5.4.1/bin/../lib/gcc/arm-none-eabi/5.4.1/armv7-m/crtbegin.o

.eh_frame_hdr
 *(.eh_frame_hdr)

.eh_frame       0x00001198        0x4
 *(.eh_frame)
 .eh_frame      0x00001198        0x0 c:/program files (x86)/cypress/psoc creator/4.3/psoc creator/import/gnu/arm/5.4.1/bin/../lib/gcc/arm-none-eabi/5.4.1/armv7-m/crtbegin.o
 .eh_frame      0x00001198        0x4 c:/program files (x86)/cypress/psoc creator/4.3/psoc creator/import/gnu/arm/5.4.1/bin/../lib/gcc/arm-none-eabi/5.4.1/armv7-m/crtend.o
                [!provide]                PROVIDE (__exidx_start, .)

.ARM.exidx
 *(.ARM.exidx* .gnu.linkonce.armexidx.*)
                0x0000119c                __exidx_end = .

.rodata         0x0000119c       0xbc
 *(.rodata .rodata.* .gnu.linkonce.r.*)
 .rodata.str1.4
                0x0000119c        0x8 .\CortexM3\ARM_GCC_541\Debug\main.o
                                  0x5 (size before relaxing)
 .rodata        0x000011a4       0x46 .\CortexM3\ARM_GCC_541\Debug\cyfitter_cfg.o
 .rodata.str1.1
                0x000011ea        0x2 c:/program files (x86)/cypress/psoc creator/4.3/psoc creator/import/gnu/arm/5.4.1/bin/../lib/gcc/arm-none-eabi/5.4.1/../../../../arm-none-eabi/lib/armv7-m\libg_nano.a(lib_a-impure.o)
 .rodata.str1.1
                0x000011ec       0x11 c:/program files (x86)/cypress/psoc creator/4.3/psoc creator/import/gnu/arm/5.4.1/bin/../lib/gcc/arm-none-eabi/5.4.1/../../../../arm-none-eabi/lib/armv7-m\libg_nano.a(lib_a-nano-svfprintf.o)
 .rodata.str1.1
                0x000011fd       0x22 c:/program files (x86)/cypress/psoc creator/4.3/psoc creator/import/gnu/arm/5.4.1/bin/../lib/gcc/arm-none-eabi/5.4.1/../../../../arm-none-eabi/lib/armv7-m\libg_nano.a(lib_a-nano-vfprintf_i.o)
                0x00001220                . = ALIGN (0x4)
 *fill*         0x0000121f        0x1 
 *(.init)
 .init          0x00001220        0x4 c:/program files (x86)/cypress/psoc creator/4.3/psoc creator/import/gnu/arm/5.4.1/bin/../lib/gcc/arm-none-eabi/5.4.1/armv7-m/crti.o
                0x00001220                _init
 .init          0x00001224        0x8 c:/program files (x86)/cypress/psoc creator/4.3/psoc creator/import/gnu/arm/5.4.1/bin/../lib/gcc/arm-none-eabi/5.4.1/armv7-m/crtn.o
                0x0000122c                . = ALIGN (0x4)
                0x0000122c                __preinit_array_start = .
 *(.preinit_array)
                0x0000122c                __preinit_array_end = .
                0x0000122c                . = ALIGN (0x4)
                0x0000122c                __init_array_start = .
 *(SORT(.init_array.*))
 *(.init_array)
 .init_array    0x0000122c        0x4 c:/program files (x86)/cypress/psoc creator/4.3/psoc creator/import/gnu/arm/5.4.1/bin/../lib/gcc/arm-none-eabi/5.4.1/armv7-m/crtbegin.o
 .init_array    0x00001230        0x4 .\CortexM3\ARM_GCC_541\Debug\Cm3Start.o
                0x00001234                __init_array_end = .
                0x00001234                . = ALIGN (0x4)
 *(.fini)
 .fini          0x00001234        0x4 c:/program files (x86)/cypress/psoc creator/4.3/psoc creator/import/gnu/arm/5.4.1/bin/../lib/gcc/arm-none-eabi/5.4.1/armv7-m/crti.o
                0x00001234                _fini
 .fini          0x00001238        0x8 c:/program files (x86)/cypress/psoc creator/4.3/psoc creator/import/gnu/arm/5.4.1/bin/../lib/gcc/arm-none-eabi/5.4.1/armv7-m/crtn.o
                0x00001240                . = ALIGN (0x4)
                0x00001240                __fini_array_start = .
 *(.fini_array)
 .fini_array    0x00001240        0x4 c:/program files (x86)/cypress/psoc creator/4.3/psoc creator/import/gnu/arm/5.4.1/bin/../lib/gcc/arm-none-eabi/5.4.1/armv7-m/crtbegin.o
 *(SORT(.fini_array.*))
                0x00001244                __fini_array_end = .
                0x00001244                . = ALIGN (0x4)
 *crtbegin.o(.ctors)
 *(EXCLUDE_FILE(*crtend.o) .ctors)
 *(SORT(.ctors.*))
 *crtend.o(.ctors)
                0x00001244                . = ALIGN (0x4)
 *crtbegin.o(.dtors)
 *(EXCLUDE_FILE(*crtend.o) .dtors)
 *(SORT(.dtors.*))
 *crtend.o(.dtors)
                0x00001244                . = ALIGN (0x4)
                0x00001244                __cy_regions = .
                0x00001244        0x4 LONG 0x1258 __cy_region_init_ram
                0x00001248        0x4 LONG 0x1fff80c8 __cy_region_start_data
                0x0000124c        0x4 LONG 0x80 __cy_region_init_size_ram
                0x00001250        0x4 LONG 0x138 __cy_region_zero_size_ram
                0x00001254                __cy_regions_end = .
                0x00001258                . = ALIGN (0x8)
 *fill*         0x00001254        0x4 
                0x00001258                _etext = .

.cy_checksum_exclude
                0x00001258        0x0
 *(.cy_checksum_exclude)

.ramvectors     0x1fff8000       0xc0
                0x1fff8000                __cy_region_start_ram = .
 *(.ramvectors)
 .ramvectors    0x1fff8000       0xc0 .\CortexM3\ARM_GCC_541\Debug\Cm3Start.o
                0x1fff8000                CyRamVectors

.noinit         0x1fff80c0        0x1
 *(.noinit)
 .noinit        0x1fff80c0        0x1 .\CortexM3\ARM_GCC_541\Debug\VDAC_v1.a(CyLib.o)
                0x1fff80c0                CyResetStatus

.data           0x1fff80c8       0x80 load address 0x00001258
                0x1fff80c8                __cy_region_start_data = .
 *(.jcr)
 .jcr           0x1fff80c8        0x0 c:/program files (x86)/cypress/psoc creator/4.3/psoc creator/import/gnu/arm/5.4.1/bin/../lib/gcc/arm-none-eabi/5.4.1/armv7-m/crtbegin.o
 .jcr           0x1fff80c8        0x4 c:/program files (x86)/cypress/psoc creator/4.3/psoc creator/import/gnu/arm/5.4.1/bin/../lib/gcc/arm-none-eabi/5.4.1/armv7-m/crtend.o
 *(.got.plt)
 *(.got)
 *(.shdata)
 *(.data .data.* .gnu.linkonce.d.*)
 .data          0x1fff80cc        0x4 .\CortexM3\ARM_GCC_541\Debug\Cm3Start.o
 .data          0x1fff80d0       0x10 .\CortexM3\ARM_GCC_541\Debug\VDAC_v1.a(CyLib.o)
                0x1fff80d0                cydelay_32k_ms
                0x1fff80d4                cydelay_freq_khz
                0x1fff80d8                cydelay_freq_mhz
                0x1fff80dc                cydelay_freq_hz
 .data.impure_data
                0x1fff80e0       0x60 c:/program files (x86)/cypress/psoc creator/4.3/psoc creator/import/gnu/arm/5.4.1/bin/../lib/gcc/arm-none-eabi/5.4.1/../../../../arm-none-eabi/lib/armv7-m\libg_nano.a(lib_a-impure.o)
 .data._impure_ptr
                0x1fff8140        0x4 c:/program files (x86)/cypress/psoc creator/4.3/psoc creator/import/gnu/arm/5.4.1/bin/../lib/gcc/arm-none-eabi/5.4.1/../../../../arm-none-eabi/lib/armv7-m\libg_nano.a(lib_a-impure.o)
                0x1fff8140                _impure_ptr
                0x1fff8148                . = ALIGN (0x8)
 *fill*         0x1fff8144        0x4 
 *(.ram)
                0x1fff8148                _edata = .

.igot.plt       0x1fff8148        0x0 load address 0x000012d8
 .igot.plt      0x1fff8148        0x0 c:/program files (x86)/cypress/psoc creator/4.3/psoc creator/import/gnu/arm/5.4.1/bin/../lib/gcc/arm-none-eabi/5.4.1/armv7-m/crtbegin.o

.bss            0x1fff8148      0x138 load address 0x000012d8
                0x1fff8148                PROVIDE (__bss_start__, .)
 *(.shbss)
 *(.bss .bss.* .gnu.linkonce.b.*)
 .bss           0x1fff8148       0x1c c:/program files (x86)/cypress/psoc creator/4.3/psoc creator/import/gnu/arm/5.4.1/bin/../lib/gcc/arm-none-eabi/5.4.1/armv7-m/crtbegin.o
 .bss           0x1fff8164        0x1 .\CortexM3\ARM_GCC_541\Debug\VDAC_v1.a(ADC.o)
                0x1fff8164                ADC_initVar
 .bss           0x1fff8165        0x2 .\CortexM3\ARM_GCC_541\Debug\VDAC_v1.a(UART_1.o)
                0x1fff8165                UART_1_initVar
 .bss           0x1fff8167        0x1 .\CortexM3\ARM_GCC_541\Debug\VDAC_v1.a(VDAC8_1.o)
                0x1fff8167                VDAC8_1_initVar
 .bss.__malloc_sbrk_start
                0x1fff8168        0x4 c:/program files (x86)/cypress/psoc creator/4.3/psoc creator/import/gnu/arm/5.4.1/bin/../lib/gcc/arm-none-eabi/5.4.1/../../../../arm-none-eabi/lib/armv7-m\libg_nano.a(lib_a-nano-mallocr.o)
                0x1fff8168                __malloc_sbrk_start
 .bss.__malloc_free_list
                0x1fff816c        0x4 c:/program files (x86)/cypress/psoc creator/4.3/psoc creator/import/gnu/arm/5.4.1/bin/../lib/gcc/arm-none-eabi/5.4.1/../../../../arm-none-eabi/lib/armv7-m\libg_nano.a(lib_a-nano-mallocr.o)
                0x1fff816c                __malloc_free_list
 *(COMMON)
 COMMON         0x1fff8170      0x100 .\CortexM3\ARM_GCC_541\Debug\main.o
                0x1fff8170                transmitBuffer
 COMMON         0x1fff8270        0xa .\CortexM3\ARM_GCC_541\Debug\VDAC_v1.a(ADC.o)
                0x1fff8270                ADC_countsPer10Volt
                0x1fff8274                ADC_shift
                0x1fff8276                ADC_countsPerVolt
                0x1fff8278                ADC_offset
 *fill*         0x1fff827a        0x2 
 COMMON         0x1fff827c        0x4 c:/program files (x86)/cypress/psoc creator/4.3/psoc creator/import/gnu/arm/5.4.1/bin/../lib/gcc/arm-none-eabi/5.4.1/../../../../arm-none-eabi/lib/armv7-m\libg_nano.a(lib_a-reent.o)
                0x1fff827c                errno
                0x1fff8280                . = ALIGN (0x8)
 *(.ram.b)
                0x1fff8280                _end = .
                0x1fff8280                __end = .
                0x1fff8280                PROVIDE (end, .)
                0x1fff8280                PROVIDE (__bss_end__, .)
                0x00001258                __cy_region_init_ram = LOADADDR (.data)
                0x00000080                __cy_region_init_size_ram = (_edata - ADDR (.data))
                0x00000138                __cy_region_zero_size_ram = (_end - _edata)

.heap           0x1fff8280       0x80 load address 0x000012d8
                0x1fff8280                . = _end
                0x1fff8300                . = (. + 0x80)
 *fill*         0x1fff8280       0x80 
                0x1fff8300                __cy_heap_limit = .

.stack          0x20007800      0x800
                0x20007800                __cy_stack_limit = .
                0x20008000                . = (. + 0x800)
 *fill*         0x20007800      0x800 
                0x00000001                ASSERT ((__cy_stack_limit >= __cy_heap_limit), region RAM overflowed with stack)
                0x00000000                cy_checksum_exclude_size = (CY_APPL_LOADABLE == 0x1)?SIZEOF (.cy_checksum_exclude):0x0
                0x00000001                ASSERT ((cy_checksum_exclude_size <= CY_CHECKSUM_EXCLUDE_SIZE), CY_BOOT: Section .cy_checksum_exclude size exceedes specified limit.)

.cyloadermeta
 *(.cyloadermeta)

.cyloadablemeta
 *(.cyloadablemeta)

.cyconfigecc    0x80000000      0x358
 *(.cyconfigecc)
 .cyconfigecc   0x80000000      0x358 .\CortexM3\ARM_GCC_541\Debug\cymetadata.o
                0x80000000                cy_meta_configecc

.cycustnvl      0x90000000        0x4
 *(.cycustnvl)
 .cycustnvl     0x90000000        0x4 .\CortexM3\ARM_GCC_541\Debug\cymetadata.o
                0x90000000                cy_meta_custnvl

.cywolatch      0x90100000        0x4
 *(.cywolatch)
 .cywolatch     0x90100000        0x4 .\CortexM3\ARM_GCC_541\Debug\cymetadata.o
                0x90100000                cy_meta_wonvl

.cyeeprom       0x90200000        0x0
 *(.cyeeprom)
                0x00000001                ASSERT ((. <= ((0x90200000 + ee_offset) + ee_size)), .cyeeprom data will not fit in EEPROM)

.cyflashprotect
                0x90400000      0x100
 *(.cyflashprotect)
 .cyflashprotect
                0x90400000      0x100 .\CortexM3\ARM_GCC_541\Debug\cymetadata.o
                0x90400000                cy_meta_flashprotect

.cymeta         0x90500000        0xc
 *(.cymeta)
 .cymeta        0x90500000        0xc .\CortexM3\ARM_GCC_541\Debug\cymetadata.o
                0x90500000                cy_metadata

.rel.dyn        0x000012d8        0x0 load address 0x9050000c
 .rel.iplt      0x000012d8        0x0 c:/program files (x86)/cypress/psoc creator/4.3/psoc creator/import/gnu/arm/5.4.1/bin/../lib/gcc/arm-none-eabi/5.4.1/armv7-m/crtbegin.o

.stab
 *(.stab)

.stabstr
 *(.stabstr)

.debug
 *(.debug)

.line
 *(.line)

.debug_srcinfo
 *(.debug_srcinfo)

.debug_sfnames
 *(.debug_sfnames)

.debug_aranges  0x00000000      0x838
 *(.debug_aranges)
 .debug_aranges
                0x00000000       0x20 .\CortexM3\ARM_GCC_541\Debug\main.o
 .debug_aranges
                0x00000020       0x58 .\CortexM3\ARM_GCC_541\Debug\cyfitter_cfg.o
 .debug_aranges
                0x00000078       0x18 .\CortexM3\ARM_GCC_541\Debug\cymetadata.o
 .debug_aranges
                0x00000090       0x48 .\CortexM3\ARM_GCC_541\Debug\Cm3Start.o
 .debug_aranges
                0x000000d8       0xa8 .\CortexM3\ARM_GCC_541\Debug\VDAC_v1.a(ADC.o)
 .debug_aranges
                0x00000180       0x20 .\CortexM3\ARM_GCC_541\Debug\VDAC_v1.a(ADC_INT.o)
 .debug_aranges
                0x000001a0       0xf0 .\CortexM3\ARM_GCC_541\Debug\VDAC_v1.a(UART_1.o)
 .debug_aranges
                0x00000290       0x58 .\CortexM3\ARM_GCC_541\Debug\VDAC_v1.a(VDAC8_1.o)
 .debug_aranges
                0x000002e8       0x80 .\CortexM3\ARM_GCC_541\Debug\VDAC_v1.a(ADC_theACLK.o)
 .debug_aranges
                0x00000368       0x70 .\CortexM3\ARM_GCC_541\Debug\VDAC_v1.a(UART_1_IntClock.o)
 .debug_aranges
                0x000003d8      0x2a0 .\CortexM3\ARM_GCC_541\Debug\VDAC_v1.a(CyLib.o)
 .debug_aranges
                0x00000678       0x98 .\CortexM3\ARM_GCC_541\Debug\VDAC_v1.a(cyPm.o)
 .debug_aranges
                0x00000710       0x20 .\CortexM3\ARM_GCC_541\Debug\VDAC_v1.a(CyBootAsmGnu.o)
 .debug_aranges
                0x00000730       0x88 .\CortexM3\ARM_GCC_541\Debug\VDAC_v1.a(CyFlash.o)
 .debug_aranges
                0x000007b8       0x80 .\CortexM3\ARM_GCC_541\Debug\VDAC_v1.a(CySpc.o)

.debug_pubnames
 *(.debug_pubnames)

.debug_info     0x00000000     0x4a69
 *(.debug_info .gnu.linkonce.wi.*)
 .debug_info    0x00000000      0x227 .\CortexM3\ARM_GCC_541\Debug\main.o
 .debug_info    0x00000227      0x5f4 .\CortexM3\ARM_GCC_541\Debug\cyfitter_cfg.o
 .debug_info    0x0000081b      0x135 .\CortexM3\ARM_GCC_541\Debug\cymetadata.o
 .debug_info    0x00000950      0x3bb .\CortexM3\ARM_GCC_541\Debug\Cm3Start.o
 .debug_info    0x00000d0b      0x5c0 .\CortexM3\ARM_GCC_541\Debug\VDAC_v1.a(ADC.o)
 .debug_info    0x000012cb       0x92 .\CortexM3\ARM_GCC_541\Debug\VDAC_v1.a(ADC_INT.o)
 .debug_info    0x0000135d      0x60c .\CortexM3\ARM_GCC_541\Debug\VDAC_v1.a(UART_1.o)
 .debug_info    0x00001969      0x1df .\CortexM3\ARM_GCC_541\Debug\VDAC_v1.a(VDAC8_1.o)
 .debug_info    0x00001b48      0x2c4 .\CortexM3\ARM_GCC_541\Debug\VDAC_v1.a(ADC_theACLK.o)
 .debug_info    0x00001e0c      0x283 .\CortexM3\ARM_GCC_541\Debug\VDAC_v1.a(UART_1_IntClock.o)
 .debug_info    0x0000208f     0x1374 .\CortexM3\ARM_GCC_541\Debug\VDAC_v1.a(CyLib.o)
 .debug_info    0x00003403      0xa2a .\CortexM3\ARM_GCC_541\Debug\VDAC_v1.a(cyPm.o)
 .debug_info    0x00003e2d       0x9f .\CortexM3\ARM_GCC_541\Debug\VDAC_v1.a(CyBootAsmGnu.o)
 .debug_info    0x00003ecc      0x64d .\CortexM3\ARM_GCC_541\Debug\VDAC_v1.a(CyFlash.o)
 .debug_info    0x00004519      0x550 .\CortexM3\ARM_GCC_541\Debug\VDAC_v1.a(CySpc.o)

.debug_abbrev   0x00000000     0x1359
 *(.debug_abbrev)
 .debug_abbrev  0x00000000       0xfc .\CortexM3\ARM_GCC_541\Debug\main.o
 .debug_abbrev  0x000000fc      0x20d .\CortexM3\ARM_GCC_541\Debug\cyfitter_cfg.o
 .debug_abbrev  0x00000309       0x66 .\CortexM3\ARM_GCC_541\Debug\cymetadata.o
 .debug_abbrev  0x0000036f      0x1e8 .\CortexM3\ARM_GCC_541\Debug\Cm3Start.o
 .debug_abbrev  0x00000557      0x1ac .\CortexM3\ARM_GCC_541\Debug\VDAC_v1.a(ADC.o)
 .debug_abbrev  0x00000703       0x42 .\CortexM3\ARM_GCC_541\Debug\VDAC_v1.a(ADC_INT.o)
 .debug_abbrev  0x00000745      0x175 .\CortexM3\ARM_GCC_541\Debug\VDAC_v1.a(UART_1.o)
 .debug_abbrev  0x000008ba       0xf7 .\CortexM3\ARM_GCC_541\Debug\VDAC_v1.a(VDAC8_1.o)
 .debug_abbrev  0x000009b1      0x121 .\CortexM3\ARM_GCC_541\Debug\VDAC_v1.a(ADC_theACLK.o)
 .debug_abbrev  0x00000ad2      0x139 .\CortexM3\ARM_GCC_541\Debug\VDAC_v1.a(UART_1_IntClock.o)
 .debug_abbrev  0x00000c0b      0x254 .\CortexM3\ARM_GCC_541\Debug\VDAC_v1.a(CyLib.o)
 .debug_abbrev  0x00000e5f      0x1ab .\CortexM3\ARM_GCC_541\Debug\VDAC_v1.a(cyPm.o)
 .debug_abbrev  0x0000100a       0x14 .\CortexM3\ARM_GCC_541\Debug\VDAC_v1.a(CyBootAsmGnu.o)
 .debug_abbrev  0x0000101e      0x1a7 .\CortexM3\ARM_GCC_541\Debug\VDAC_v1.a(CyFlash.o)
 .debug_abbrev  0x000011c5      0x194 .\CortexM3\ARM_GCC_541\Debug\VDAC_v1.a(CySpc.o)

.debug_line     0x00000000     0x212a
 *(.debug_line)
 .debug_line    0x00000000      0x230 .\CortexM3\ARM_GCC_541\Debug\main.o
 .debug_line    0x00000230      0x205 .\CortexM3\ARM_GCC_541\Debug\cyfitter_cfg.o
 .debug_line    0x00000435      0x141 .\CortexM3\ARM_GCC_541\Debug\cymetadata.o
 .debug_line    0x00000576      0x234 .\CortexM3\ARM_GCC_541\Debug\Cm3Start.o
 .debug_line    0x000007aa      0x214 .\CortexM3\ARM_GCC_541\Debug\VDAC_v1.a(ADC.o)
 .debug_line    0x000009be       0x50 .\CortexM3\ARM_GCC_541\Debug\VDAC_v1.a(ADC_INT.o)
 .debug_line    0x00000a0e      0x2c0 .\CortexM3\ARM_GCC_541\Debug\VDAC_v1.a(UART_1.o)
 .debug_line    0x00000cce       0xe4 .\CortexM3\ARM_GCC_541\Debug\VDAC_v1.a(VDAC8_1.o)
 .debug_line    0x00000db2      0x19d .\CortexM3\ARM_GCC_541\Debug\VDAC_v1.a(ADC_theACLK.o)
 .debug_line    0x00000f4f      0x17e .\CortexM3\ARM_GCC_541\Debug\VDAC_v1.a(UART_1_IntClock.o)
 .debug_line    0x000010cd      0x816 .\CortexM3\ARM_GCC_541\Debug\VDAC_v1.a(CyLib.o)
 .debug_line    0x000018e3      0x367 .\CortexM3\ARM_GCC_541\Debug\VDAC_v1.a(cyPm.o)
 .debug_line    0x00001c4a       0x66 .\CortexM3\ARM_GCC_541\Debug\VDAC_v1.a(CyBootAsmGnu.o)
 .debug_line    0x00001cb0      0x21a .\CortexM3\ARM_GCC_541\Debug\VDAC_v1.a(CyFlash.o)
 .debug_line    0x00001eca      0x260 .\CortexM3\ARM_GCC_541\Debug\VDAC_v1.a(CySpc.o)

.debug_frame    0x00000000     0x193c
 *(.debug_frame)
 .debug_frame   0x00000000       0x30 .\CortexM3\ARM_GCC_541\Debug\main.o
 .debug_frame   0x00000030       0xfc .\CortexM3\ARM_GCC_541\Debug\cyfitter_cfg.o
 .debug_frame   0x0000012c       0xb8 .\CortexM3\ARM_GCC_541\Debug\Cm3Start.o
 .debug_frame   0x000001e4      0x1b0 .\CortexM3\ARM_GCC_541\Debug\VDAC_v1.a(ADC.o)
 .debug_frame   0x00000394       0x20 .\CortexM3\ARM_GCC_541\Debug\VDAC_v1.a(ADC_INT.o)
 .debug_frame   0x000003b4      0x250 .\CortexM3\ARM_GCC_541\Debug\VDAC_v1.a(UART_1.o)
 .debug_frame   0x00000604       0xb4 .\CortexM3\ARM_GCC_541\Debug\VDAC_v1.a(VDAC8_1.o)
 .debug_frame   0x000006b8      0x100 .\CortexM3\ARM_GCC_541\Debug\VDAC_v1.a(ADC_theACLK.o)
 .debug_frame   0x000007b8       0xe0 .\CortexM3\ARM_GCC_541\Debug\VDAC_v1.a(UART_1_IntClock.o)
 .debug_frame   0x00000898      0x738 .\CortexM3\ARM_GCC_541\Debug\VDAC_v1.a(CyLib.o)
 .debug_frame   0x00000fd0      0x1f8 .\CortexM3\ARM_GCC_541\Debug\VDAC_v1.a(cyPm.o)
 .debug_frame   0x000011c8      0x194 .\CortexM3\ARM_GCC_541\Debug\VDAC_v1.a(CyFlash.o)
 .debug_frame   0x0000135c      0x180 .\CortexM3\ARM_GCC_541\Debug\VDAC_v1.a(CySpc.o)
 .debug_frame   0x000014dc       0x44 c:/program files (x86)/cypress/psoc creator/4.3/psoc creator/import/gnu/arm/5.4.1/bin/../lib/gcc/arm-none-eabi/5.4.1/armv7-m\libgcc.a(_aeabi_ldivmod.o)
 .debug_frame   0x00001520       0x38 c:/program files (x86)/cypress/psoc creator/4.3/psoc creator/import/gnu/arm/5.4.1/bin/../lib/gcc/arm-none-eabi/5.4.1/armv7-m\libgcc.a(_udivmoddi4.o)
 .debug_frame   0x00001558       0x20 c:/program files (x86)/cypress/psoc creator/4.3/psoc creator/import/gnu/arm/5.4.1/bin/../lib/gcc/arm-none-eabi/5.4.1/../../../../arm-none-eabi/lib/armv7-m\libg_nano.a(lib_a-errno.o)
 .debug_frame   0x00001578       0x28 c:/program files (x86)/cypress/psoc creator/4.3/psoc creator/import/gnu/arm/5.4.1/bin/../lib/gcc/arm-none-eabi/5.4.1/../../../../arm-none-eabi/lib/armv7-m\libg_nano.a(lib_a-exit.o)
 .debug_frame   0x000015a0       0x2c c:/program files (x86)/cypress/psoc creator/4.3/psoc creator/import/gnu/arm/5.4.1/bin/../lib/gcc/arm-none-eabi/5.4.1/../../../../arm-none-eabi/lib/armv7-m\libg_nano.a(lib_a-init.o)
 .debug_frame   0x000015cc       0x28 c:/program files (x86)/cypress/psoc creator/4.3/psoc creator/import/gnu/arm/5.4.1/bin/../lib/gcc/arm-none-eabi/5.4.1/../../../../arm-none-eabi/lib/armv7-m\libg_nano.a(lib_a-memcpy-stub.o)
 .debug_frame   0x000015f4       0x20 c:/program files (x86)/cypress/psoc creator/4.3/psoc creator/import/gnu/arm/5.4.1/bin/../lib/gcc/arm-none-eabi/5.4.1/../../../../arm-none-eabi/lib/armv7-m\libg_nano.a(lib_a-memset.o)
 .debug_frame   0x00001614       0x70 c:/program files (x86)/cypress/psoc creator/4.3/psoc creator/import/gnu/arm/5.4.1/bin/../lib/gcc/arm-none-eabi/5.4.1/../../../../arm-none-eabi/lib/armv7-m\libg_nano.a(lib_a-sprintf.o)
 .debug_frame   0x00001684       0x90 c:/program files (x86)/cypress/psoc creator/4.3/psoc creator/import/gnu/arm/5.4.1/bin/../lib/gcc/arm-none-eabi/5.4.1/../../../../arm-none-eabi/lib/armv7-m\libg_nano.a(lib_a-nano-svfprintf.o)
 .debug_frame   0x00001714       0x60 c:/program files (x86)/cypress/psoc creator/4.3/psoc creator/import/gnu/arm/5.4.1/bin/../lib/gcc/arm-none-eabi/5.4.1/../../../../arm-none-eabi/lib/armv7-m\libg_nano.a(lib_a-nano-vfprintf_i.o)
 .debug_frame   0x00001774       0x28 c:/program files (x86)/cypress/psoc creator/4.3/psoc creator/import/gnu/arm/5.4.1/bin/../lib/gcc/arm-none-eabi/5.4.1/../../../../arm-none-eabi/lib/armv7-m\libg_nano.a(lib_a-memchr-stub.o)
 .debug_frame   0x0000179c       0x28 c:/program files (x86)/cypress/psoc creator/4.3/psoc creator/import/gnu/arm/5.4.1/bin/../lib/gcc/arm-none-eabi/5.4.1/../../../../arm-none-eabi/lib/armv7-m\libg_nano.a(lib_a-memmove.o)
 .debug_frame   0x000017c4       0x38 c:/program files (x86)/cypress/psoc creator/4.3/psoc creator/import/gnu/arm/5.4.1/bin/../lib/gcc/arm-none-eabi/5.4.1/../../../../arm-none-eabi/lib/armv7-m\libg_nano.a(lib_a-nano-freer.o)
 .debug_frame   0x000017fc       0x2c c:/program files (x86)/cypress/psoc creator/4.3/psoc creator/import/gnu/arm/5.4.1/bin/../lib/gcc/arm-none-eabi/5.4.1/../../../../arm-none-eabi/lib/armv7-m\libg_nano.a(lib_a-nano-mallocr.o)
 .debug_frame   0x00001828       0x3c c:/program files (x86)/cypress/psoc creator/4.3/psoc creator/import/gnu/arm/5.4.1/bin/../lib/gcc/arm-none-eabi/5.4.1/../../../../arm-none-eabi/lib/armv7-m\libg_nano.a(lib_a-nano-reallocr.o)
 .debug_frame   0x00001864       0x2c c:/program files (x86)/cypress/psoc creator/4.3/psoc creator/import/gnu/arm/5.4.1/bin/../lib/gcc/arm-none-eabi/5.4.1/../../../../arm-none-eabi/lib/armv7-m\libg_nano.a(lib_a-sbrkr.o)
 .debug_frame   0x00001890       0x30 c:/program files (x86)/cypress/psoc creator/4.3/psoc creator/import/gnu/arm/5.4.1/bin/../lib/gcc/arm-none-eabi/5.4.1/../../../../arm-none-eabi/lib/armv7-m\libg_nano.a(lib_a-mlock.o)
 .debug_frame   0x000018c0       0x20 c:/program files (x86)/cypress/psoc creator/4.3/psoc creator/import/gnu/arm/5.4.1/bin/../lib/gcc/arm-none-eabi/5.4.1/../../../../arm-none-eabi/lib/armv7-m\libg_nano.a(lib_a-nano-msizer.o)
 .debug_frame   0x000018e0       0x5c c:/program files (x86)/cypress/psoc creator/4.3/psoc creator/import/gnu/arm/5.4.1/bin/../lib/gcc/arm-none-eabi/5.4.1/../../../../arm-none-eabi/lib/armv7-m\libg_nano.a(lib_a-reent.o)

.debug_str      0x00000000     0x1bc1
 *(.debug_str)
 .debug_str     0x00000000      0x216 .\CortexM3\ARM_GCC_541\Debug\main.o
                                0x264 (size before relaxing)
 .debug_str     0x00000216      0x1b9 .\CortexM3\ARM_GCC_541\Debug\cyfitter_cfg.o
                                0x35d (size before relaxing)
 .debug_str     0x000003cf       0x7f .\CortexM3\ARM_GCC_541\Debug\cymetadata.o
                                0x1f3 (size before relaxing)
 .debug_str     0x0000044e      0x144 .\CortexM3\ARM_GCC_541\Debug\Cm3Start.o
                                0x319 (size before relaxing)
 .debug_str     0x00000592      0x1fa .\CortexM3\ARM_GCC_541\Debug\VDAC_v1.a(ADC.o)
                                0x436 (size before relaxing)
 .debug_str     0x0000078c       0x29 .\CortexM3\ARM_GCC_541\Debug\VDAC_v1.a(ADC_INT.o)
                                0x19e (size before relaxing)
 .debug_str     0x000007b5      0x2ae .\CortexM3\ARM_GCC_541\Debug\VDAC_v1.a(UART_1.o)
                                0x4c2 (size before relaxing)
 .debug_str     0x00000a63       0x9d .\CortexM3\ARM_GCC_541\Debug\VDAC_v1.a(VDAC8_1.o)
                                0x242 (size before relaxing)
 .debug_str     0x00000b00      0x1bf .\CortexM3\ARM_GCC_541\Debug\VDAC_v1.a(ADC_theACLK.o)
                                0x370 (size before relaxing)
 .debug_str     0x00000cbf      0x14c .\CortexM3\ARM_GCC_541\Debug\VDAC_v1.a(UART_1_IntClock.o)
                                0x35d (size before relaxing)
 .debug_str     0x00000e0b      0x7ea .\CortexM3\ARM_GCC_541\Debug\VDAC_v1.a(CyLib.o)
                                0xa56 (size before relaxing)
 .debug_str     0x000015f5      0x365 .\CortexM3\ARM_GCC_541\Debug\VDAC_v1.a(cyPm.o)
                                0x742 (size before relaxing)
 .debug_str     0x0000195a      0x1bb .\CortexM3\ARM_GCC_541\Debug\VDAC_v1.a(CyFlash.o)
                                0x3cf (size before relaxing)
 .debug_str     0x00001b15       0xac .\CortexM3\ARM_GCC_541\Debug\VDAC_v1.a(CySpc.o)
                                0x347 (size before relaxing)

.debug_loc      0x00000000     0x228c
 *(.debug_loc)
 .debug_loc     0x00000000       0x3d .\CortexM3\ARM_GCC_541\Debug\main.o
 .debug_loc     0x0000003d      0x280 .\CortexM3\ARM_GCC_541\Debug\cyfitter_cfg.o
 .debug_loc     0x000002bd      0x144 .\CortexM3\ARM_GCC_541\Debug\Cm3Start.o
 .debug_loc     0x00000401      0x295 .\CortexM3\ARM_GCC_541\Debug\VDAC_v1.a(ADC.o)
 .debug_loc     0x00000696      0x258 .\CortexM3\ARM_GCC_541\Debug\VDAC_v1.a(UART_1.o)
 .debug_loc     0x000008ee       0x79 .\CortexM3\ARM_GCC_541\Debug\VDAC_v1.a(VDAC8_1.o)
 .debug_loc     0x00000967      0x14d .\CortexM3\ARM_GCC_541\Debug\VDAC_v1.a(ADC_theACLK.o)
 .debug_loc     0x00000ab4      0x12c .\CortexM3\ARM_GCC_541\Debug\VDAC_v1.a(UART_1_IntClock.o)
 .debug_loc     0x00000be0      0xa11 .\CortexM3\ARM_GCC_541\Debug\VDAC_v1.a(CyLib.o)
 .debug_loc     0x000015f1      0x1e4 .\CortexM3\ARM_GCC_541\Debug\VDAC_v1.a(cyPm.o)
 .debug_loc     0x000017d5      0x3b2 .\CortexM3\ARM_GCC_541\Debug\VDAC_v1.a(CyFlash.o)
 .debug_loc     0x00001b87      0x705 .\CortexM3\ARM_GCC_541\Debug\VDAC_v1.a(CySpc.o)

.debug_macinfo
 *(.debug_macinfo)

.debug_ranges   0x00000000      0x730
 *(.debug_ranges)
 .debug_ranges  0x00000000       0x10 .\CortexM3\ARM_GCC_541\Debug\main.o
 .debug_ranges  0x00000010       0x48 .\CortexM3\ARM_GCC_541\Debug\cyfitter_cfg.o
 .debug_ranges  0x00000058       0x38 .\CortexM3\ARM_GCC_541\Debug\Cm3Start.o
 .debug_ranges  0x00000090       0x98 .\CortexM3\ARM_GCC_541\Debug\VDAC_v1.a(ADC.o)
 .debug_ranges  0x00000128       0x10 .\CortexM3\ARM_GCC_541\Debug\VDAC_v1.a(ADC_INT.o)
 .debug_ranges  0x00000138       0xe0 .\CortexM3\ARM_GCC_541\Debug\VDAC_v1.a(UART_1.o)
 .debug_ranges  0x00000218       0x48 .\CortexM3\ARM_GCC_541\Debug\VDAC_v1.a(VDAC8_1.o)
 .debug_ranges  0x00000260       0x70 .\CortexM3\ARM_GCC_541\Debug\VDAC_v1.a(ADC_theACLK.o)
 .debug_ranges  0x000002d0       0x60 .\CortexM3\ARM_GCC_541\Debug\VDAC_v1.a(UART_1_IntClock.o)
 .debug_ranges  0x00000330      0x290 .\CortexM3\ARM_GCC_541\Debug\VDAC_v1.a(CyLib.o)
 .debug_ranges  0x000005c0       0x88 .\CortexM3\ARM_GCC_541\Debug\VDAC_v1.a(cyPm.o)
 .debug_ranges  0x00000648       0x78 .\CortexM3\ARM_GCC_541\Debug\VDAC_v1.a(CyFlash.o)
 .debug_ranges  0x000006c0       0x70 .\CortexM3\ARM_GCC_541\Debug\VDAC_v1.a(CySpc.o)

.comment        0x00000000       0x6e
 .comment       0x00000000       0x6e .\CortexM3\ARM_GCC_541\Debug\main.o
                                 0x6f (size before relaxing)
 .comment       0x0000006e       0x6f .\CortexM3\ARM_GCC_541\Debug\cyfitter_cfg.o
 .comment       0x0000006e       0x6f .\CortexM3\ARM_GCC_541\Debug\cymetadata.o
 .comment       0x0000006e       0x6f .\CortexM3\ARM_GCC_541\Debug\Cm3Start.o
 .comment       0x0000006e       0x6f .\CortexM3\ARM_GCC_541\Debug\VDAC_v1.a(ADC.o)
 .comment       0x0000006e       0x6f .\CortexM3\ARM_GCC_541\Debug\VDAC_v1.a(ADC_INT.o)
 .comment       0x0000006e       0x6f .\CortexM3\ARM_GCC_541\Debug\VDAC_v1.a(UART_1.o)
 .comment       0x0000006e       0x6f .\CortexM3\ARM_GCC_541\Debug\VDAC_v1.a(VDAC8_1.o)
 .comment       0x0000006e       0x6f .\CortexM3\ARM_GCC_541\Debug\VDAC_v1.a(ADC_theACLK.o)
 .comment       0x0000006e       0x6f .\CortexM3\ARM_GCC_541\Debug\VDAC_v1.a(UART_1_IntClock.o)
 .comment       0x0000006e       0x6f .\CortexM3\ARM_GCC_541\Debug\VDAC_v1.a(CyLib.o)
 .comment       0x0000006e       0x6f .\CortexM3\ARM_GCC_541\Debug\VDAC_v1.a(cyPm.o)
 .comment       0x0000006e       0x6f .\CortexM3\ARM_GCC_541\Debug\VDAC_v1.a(CyFlash.o)
 .comment       0x0000006e       0x6f .\CortexM3\ARM_GCC_541\Debug\VDAC_v1.a(CySpc.o)

.debug_weaknames
 *(.debug_weaknames)

.debug_funcnames
 *(.debug_funcnames)

.debug_typenames
 *(.debug_typenames)

.debug_varnames
 *(.debug_varnames)

.note.gnu.arm.ident
 *(.note.gnu.arm.ident)

.ARM.attributes
                0x00000000       0x29
 *(.ARM.attributes)
 .ARM.attributes
                0x00000000       0x1d c:/program files (x86)/cypress/psoc creator/4.3/psoc creator/import/gnu/arm/5.4.1/bin/../lib/gcc/arm-none-eabi/5.4.1/armv7-m/crti.o
 .ARM.attributes
                0x0000001d       0x2d c:/program files (x86)/cypress/psoc creator/4.3/psoc creator/import/gnu/arm/5.4.1/bin/../lib/gcc/arm-none-eabi/5.4.1/armv7-m/crtbegin.o
 .ARM.attributes
                0x0000004a       0x1b c:/program files (x86)/cypress/psoc creator/4.3/psoc creator/import/gnu/arm/5.4.1/bin/../lib/gcc/arm-none-eabi/5.4.1/../../../../arm-none-eabi/lib/armv7-m/crt0.o
 .ARM.attributes
                0x00000065       0x33 .\CortexM3\ARM_GCC_541\Debug\main.o
 .ARM.attributes
                0x00000098       0x33 .\CortexM3\ARM_GCC_541\Debug\cyfitter_cfg.o
 .ARM.attributes
                0x000000cb       0x33 .\CortexM3\ARM_GCC_541\Debug\cymetadata.o
 .ARM.attributes
                0x000000fe       0x33 .\CortexM3\ARM_GCC_541\Debug\Cm3Start.o
 .ARM.attributes
                0x00000131       0x33 .\CortexM3\ARM_GCC_541\Debug\VDAC_v1.a(ADC.o)
 .ARM.attributes
                0x00000164       0x33 .\CortexM3\ARM_GCC_541\Debug\VDAC_v1.a(ADC_INT.o)
 .ARM.attributes
                0x00000197       0x33 .\CortexM3\ARM_GCC_541\Debug\VDAC_v1.a(UART_1.o)
 .ARM.attributes
                0x000001ca       0x33 .\CortexM3\ARM_GCC_541\Debug\VDAC_v1.a(VDAC8_1.o)
 .ARM.attributes
                0x000001fd       0x33 .\CortexM3\ARM_GCC_541\Debug\VDAC_v1.a(ADC_theACLK.o)
 .ARM.attributes
                0x00000230       0x33 .\CortexM3\ARM_GCC_541\Debug\VDAC_v1.a(UART_1_IntClock.o)
 .ARM.attributes
                0x00000263       0x33 .\CortexM3\ARM_GCC_541\Debug\VDAC_v1.a(CyLib.o)
 .ARM.attributes
                0x00000296       0x33 .\CortexM3\ARM_GCC_541\Debug\VDAC_v1.a(cyPm.o)
 .ARM.attributes
                0x000002c9       0x21 .\CortexM3\ARM_GCC_541\Debug\VDAC_v1.a(CyBootAsmGnu.o)
 .ARM.attributes
                0x000002ea       0x33 .\CortexM3\ARM_GCC_541\Debug\VDAC_v1.a(CyFlash.o)
 .ARM.attributes
                0x0000031d       0x33 .\CortexM3\ARM_GCC_541\Debug\VDAC_v1.a(CySpc.o)
 .ARM.attributes
                0x00000350       0x1d c:/program files (x86)/cypress/psoc creator/4.3/psoc creator/import/gnu/arm/5.4.1/bin/../lib/gcc/arm-none-eabi/5.4.1/armv7-m\libgcc.a(_arm_addsubsf3.o)
 .ARM.attributes
                0x0000036d       0x1d c:/program files (x86)/cypress/psoc creator/4.3/psoc creator/import/gnu/arm/5.4.1/bin/../lib/gcc/arm-none-eabi/5.4.1/armv7-m\libgcc.a(_arm_muldivsf3.o)
 .ARM.attributes
                0x0000038a       0x1d c:/program files (x86)/cypress/psoc creator/4.3/psoc creator/import/gnu/arm/5.4.1/bin/../lib/gcc/arm-none-eabi/5.4.1/armv7-m\libgcc.a(_aeabi_ldivmod.o)
 .ARM.attributes
                0x000003a7       0x2d c:/program files (x86)/cypress/psoc creator/4.3/psoc creator/import/gnu/arm/5.4.1/bin/../lib/gcc/arm-none-eabi/5.4.1/armv7-m\libgcc.a(_udivmoddi4.o)
 .ARM.attributes
                0x000003d4       0x1d c:/program files (x86)/cypress/psoc creator/4.3/psoc creator/import/gnu/arm/5.4.1/bin/../lib/gcc/arm-none-eabi/5.4.1/armv7-m\libgcc.a(_dvmd_tls.o)
 .ARM.attributes
                0x000003f1       0x2d c:/program files (x86)/cypress/psoc creator/4.3/psoc creator/import/gnu/arm/5.4.1/bin/../lib/gcc/arm-none-eabi/5.4.1/../../../../arm-none-eabi/lib/armv7-m\libg_nano.a(lib_a-errno.o)
 .ARM.attributes
                0x0000041e       0x2d c:/program files (x86)/cypress/psoc creator/4.3/psoc creator/import/gnu/arm/5.4.1/bin/../lib/gcc/arm-none-eabi/5.4.1/../../../../arm-none-eabi/lib/armv7-m\libg_nano.a(lib_a-exit.o)
 .ARM.attributes
                0x0000044b       0x2d c:/program files (x86)/cypress/psoc creator/4.3/psoc creator/import/gnu/arm/5.4.1/bin/../lib/gcc/arm-none-eabi/5.4.1/../../../../arm-none-eabi/lib/armv7-m\libg_nano.a(lib_a-impure.o)
 .ARM.attributes
                0x00000478       0x2d c:/program files (x86)/cypress/psoc creator/4.3/psoc creator/import/gnu/arm/5.4.1/bin/../lib/gcc/arm-none-eabi/5.4.1/../../../../arm-none-eabi/lib/armv7-m\libg_nano.a(lib_a-init.o)
 .ARM.attributes
                0x000004a5       0x2d c:/program files (x86)/cypress/psoc creator/4.3/psoc creator/import/gnu/arm/5.4.1/bin/../lib/gcc/arm-none-eabi/5.4.1/../../../../arm-none-eabi/lib/armv7-m\libg_nano.a(lib_a-memcpy-stub.o)
 .ARM.attributes
                0x000004d2       0x2d c:/program files (x86)/cypress/psoc creator/4.3/psoc creator/import/gnu/arm/5.4.1/bin/../lib/gcc/arm-none-eabi/5.4.1/../../../../arm-none-eabi/lib/armv7-m\libg_nano.a(lib_a-memset.o)
 .ARM.attributes
                0x000004ff       0x2d c:/program files (x86)/cypress/psoc creator/4.3/psoc creator/import/gnu/arm/5.4.1/bin/../lib/gcc/arm-none-eabi/5.4.1/../../../../arm-none-eabi/lib/armv7-m\libg_nano.a(lib_a-sprintf.o)
 .ARM.attributes
                0x0000052c       0x2d c:/program files (x86)/cypress/psoc creator/4.3/psoc creator/import/gnu/arm/5.4.1/bin/../lib/gcc/arm-none-eabi/5.4.1/../../../../arm-none-eabi/lib/armv7-m\libg_nano.a(lib_a-nano-svfprintf.o)
 .ARM.attributes
                0x00000559       0x2d c:/program files (x86)/cypress/psoc creator/4.3/psoc creator/import/gnu/arm/5.4.1/bin/../lib/gcc/arm-none-eabi/5.4.1/../../../../arm-none-eabi/lib/armv7-m\libg_nano.a(lib_a-nano-vfprintf_i.o)
 .ARM.attributes
                0x00000586       0x2d c:/program files (x86)/cypress/psoc creator/4.3/psoc creator/import/gnu/arm/5.4.1/bin/../lib/gcc/arm-none-eabi/5.4.1/../../../../arm-none-eabi/lib/armv7-m\libg_nano.a(lib_a-memchr-stub.o)
 .ARM.attributes
                0x000005b3       0x2d c:/program files (x86)/cypress/psoc creator/4.3/psoc creator/import/gnu/arm/5.4.1/bin/../lib/gcc/arm-none-eabi/5.4.1/../../../../arm-none-eabi/lib/armv7-m\libg_nano.a(lib_a-memmove.o)
 .ARM.attributes
                0x000005e0       0x2d c:/program files (x86)/cypress/psoc creator/4.3/psoc creator/import/gnu/arm/5.4.1/bin/../lib/gcc/arm-none-eabi/5.4.1/../../../../arm-none-eabi/lib/armv7-m\libg_nano.a(lib_a-nano-freer.o)
 .ARM.attributes
                0x0000060d       0x2d c:/program files (x86)/cypress/psoc creator/4.3/psoc creator/import/gnu/arm/5.4.1/bin/../lib/gcc/arm-none-eabi/5.4.1/../../../../arm-none-eabi/lib/armv7-m\libg_nano.a(lib_a-nano-mallocr.o)
 .ARM.attributes
                0x0000063a       0x2d c:/program files (x86)/cypress/psoc creator/4.3/psoc creator/import/gnu/arm/5.4.1/bin/../lib/gcc/arm-none-eabi/5.4.1/../../../../arm-none-eabi/lib/armv7-m\libg_nano.a(lib_a-nano-reallocr.o)
 .ARM.attributes
                0x00000667       0x2d c:/program files (x86)/cypress/psoc creator/4.3/psoc creator/import/gnu/arm/5.4.1/bin/../lib/gcc/arm-none-eabi/5.4.1/../../../../arm-none-eabi/lib/armv7-m\libg_nano.a(lib_a-sbrkr.o)
 .ARM.attributes
                0x00000694       0x2d c:/program files (x86)/cypress/psoc creator/4.3/psoc creator/import/gnu/arm/5.4.1/bin/../lib/gcc/arm-none-eabi/5.4.1/../../../../arm-none-eabi/lib/armv7-m\libg_nano.a(lib_a-mlock.o)
 .ARM.attributes
                0x000006c1       0x2d c:/program files (x86)/cypress/psoc creator/4.3/psoc creator/import/gnu/arm/5.4.1/bin/../lib/gcc/arm-none-eabi/5.4.1/../../../../arm-none-eabi/lib/armv7-m\libg_nano.a(lib_a-nano-msizer.o)
 .ARM.attributes
                0x000006ee       0x2d c:/program files (x86)/cypress/psoc creator/4.3/psoc creator/import/gnu/arm/5.4.1/bin/../lib/gcc/arm-none-eabi/5.4.1/../../../../arm-none-eabi/lib/armv7-m\libg_nano.a(lib_a-reent.o)
 .ARM.attributes
                0x0000071b       0x2d c:/program files (x86)/cypress/psoc creator/4.3/psoc creator/import/gnu/arm/5.4.1/bin/../lib/gcc/arm-none-eabi/5.4.1/armv7-m/crtend.o
 .ARM.attributes
                0x00000748       0x1d c:/program files (x86)/cypress/psoc creator/4.3/psoc creator/import/gnu/arm/5.4.1/bin/../lib/gcc/arm-none-eabi/5.4.1/armv7-m/crtn.o

/DISCARD/
 *(.note.GNU-stack)
OUTPUT(C:\Users\RRamirezC\Documents\PSoC Creator\Tutorial_7a_VDAC\VDAC_v1\VDAC_v1.cydsn\CortexM3\ARM_GCC_541\Debug\VDAC_v1.elf elf32-littlearm)
