Archive member included to satisfy reference by file (symbol)

.\CortexM3\ARM_GCC_541\Debug\DAC.a(ADC.o)
                              .\CortexM3\ARM_GCC_541\Debug\main.o (ADC_Start)
.\CortexM3\ARM_GCC_541\Debug\DAC.a(ADC_INT.o)
                              .\CortexM3\ARM_GCC_541\Debug\DAC.a(ADC.o) (ADC_ISR)
.\CortexM3\ARM_GCC_541\Debug\DAC.a(UART_1.o)
                              .\CortexM3\ARM_GCC_541\Debug\main.o (UART_1_Start)
.\CortexM3\ARM_GCC_541\Debug\DAC.a(WaveDAC8_1.o)
                              .\CortexM3\ARM_GCC_541\Debug\main.o (WaveDAC8_1_Start)
.\CortexM3\ARM_GCC_541\Debug\DAC.a(ADC_theACLK.o)
                              .\CortexM3\ARM_GCC_541\Debug\DAC.a(ADC.o) (ADC_theACLK_SetModeRegister)
.\CortexM3\ARM_GCC_541\Debug\DAC.a(UART_1_IntClock.o)
                              .\CortexM3\ARM_GCC_541\Debug\DAC.a(UART_1.o) (UART_1_IntClock_Start)
.\CortexM3\ARM_GCC_541\Debug\DAC.a(WaveDAC8_1_DacClk.o)
                              .\CortexM3\ARM_GCC_541\Debug\DAC.a(WaveDAC8_1.o) (WaveDAC8_1_DacClk_Start)
.\CortexM3\ARM_GCC_541\Debug\DAC.a(WaveDAC8_1_Wave1_DMA_dma.o)
                              .\CortexM3\ARM_GCC_541\Debug\DAC.a(WaveDAC8_1.o) (WaveDAC8_1_Wave1_DMA_DmaInitialize)
.\CortexM3\ARM_GCC_541\Debug\DAC.a(WaveDAC8_1_Wave2_DMA_dma.o)
                              .\CortexM3\ARM_GCC_541\Debug\DAC.a(WaveDAC8_1.o) (WaveDAC8_1_Wave2_DMA_DmaInitialize)
.\CortexM3\ARM_GCC_541\Debug\DAC.a(WaveDAC8_1_VDAC8.o)
                              .\CortexM3\ARM_GCC_541\Debug\DAC.a(WaveDAC8_1.o) (WaveDAC8_1_VDAC8_Enable)
.\CortexM3\ARM_GCC_541\Debug\DAC.a(CyDmac.o)
                              .\CortexM3\ARM_GCC_541\Debug\Cm3Start.o (CyDmacConfigure)
.\CortexM3\ARM_GCC_541\Debug\DAC.a(CyLib.o)
                              .\CortexM3\ARM_GCC_541\Debug\Cm3Start.o (CyHalt)
.\CortexM3\ARM_GCC_541\Debug\DAC.a(cyPm.o)
                              .\CortexM3\ARM_GCC_541\Debug\DAC.a(CyLib.o) (CyPmReadStatus)
.\CortexM3\ARM_GCC_541\Debug\DAC.a(WaveDAC8_1_BuffAmp.o)
                              .\CortexM3\ARM_GCC_541\Debug\DAC.a(WaveDAC8_1.o) (WaveDAC8_1_BuffAmp_Enable)
.\CortexM3\ARM_GCC_541\Debug\DAC.a(CyBootAsmGnu.o)
                              .\CortexM3\ARM_GCC_541\Debug\cyfitter_cfg.o (CyDelayCycles)
.\CortexM3\ARM_GCC_541\Debug\DAC.a(CyFlash.o)
                              .\CortexM3\ARM_GCC_541\Debug\DAC.a(cyPm.o) (CyFlash_SetWaitCycles)
.\CortexM3\ARM_GCC_541\Debug\DAC.a(CySpc.o)
                              .\CortexM3\ARM_GCC_541\Debug\DAC.a(CyFlash.o) (CySpcStart)
c:/program files (x86)/cypress/psoc creator/4.3/psoc creator/import/gnu/arm/5.4.1/bin/../lib/gcc/arm-none-eabi/5.4.1/armv7-m\libgcc.a(_arm_addsubsf3.o)
                              .\CortexM3\ARM_GCC_541\Debug\DAC.a(ADC.o) (__aeabi_i2f)
c:/program files (x86)/cypress/psoc creator/4.3/psoc creator/import/gnu/arm/5.4.1/bin/../lib/gcc/arm-none-eabi/5.4.1/armv7-m\libgcc.a(_arm_muldivsf3.o)
                              .\CortexM3\ARM_GCC_541\Debug\DAC.a(ADC.o) (__aeabi_fmul)
c:/program files (x86)/cypress/psoc creator/4.3/psoc creator/import/gnu/arm/5.4.1/bin/../lib/gcc/arm-none-eabi/5.4.1/armv7-m\libgcc.a(_aeabi_ldivmod.o)
                              .\CortexM3\ARM_GCC_541\Debug\DAC.a(ADC.o) (__aeabi_ldivmod)
c:/program files (x86)/cypress/psoc creator/4.3/psoc creator/import/gnu/arm/5.4.1/bin/../lib/gcc/arm-none-eabi/5.4.1/armv7-m\libgcc.a(_udivmoddi4.o)
                              c:/program files (x86)/cypress/psoc creator/4.3/psoc creator/import/gnu/arm/5.4.1/bin/../lib/gcc/arm-none-eabi/5.4.1/armv7-m\libgcc.a(_aeabi_ldivmod.o) (__udivmoddi4)
c:/program files (x86)/cypress/psoc creator/4.3/psoc creator/import/gnu/arm/5.4.1/bin/../lib/gcc/arm-none-eabi/5.4.1/armv7-m\libgcc.a(_dvmd_tls.o)
                              c:/program files (x86)/cypress/psoc creator/4.3/psoc creator/import/gnu/arm/5.4.1/bin/../lib/gcc/arm-none-eabi/5.4.1/armv7-m\libgcc.a(_aeabi_ldivmod.o) (__aeabi_ldiv0)
c:/program files (x86)/cypress/psoc creator/4.3/psoc creator/import/gnu/arm/5.4.1/bin/../lib/gcc/arm-none-eabi/5.4.1/../../../../arm-none-eabi/lib/armv7-m\libg_nano.a(lib_a-errno.o)
                              .\CortexM3\ARM_GCC_541\Debug\Cm3Start.o (__errno)
c:/program files (x86)/cypress/psoc creator/4.3/psoc creator/import/gnu/arm/5.4.1/bin/../lib/gcc/arm-none-eabi/5.4.1/../../../../arm-none-eabi/lib/armv7-m\libg_nano.a(lib_a-exit.o)
                              c:/program files (x86)/cypress/psoc creator/4.3/psoc creator/import/gnu/arm/5.4.1/bin/../lib/gcc/arm-none-eabi/5.4.1/../../../../arm-none-eabi/lib/armv7-m/crt0.o (exit)
c:/program files (x86)/cypress/psoc creator/4.3/psoc creator/import/gnu/arm/5.4.1/bin/../lib/gcc/arm-none-eabi/5.4.1/../../../../arm-none-eabi/lib/armv7-m\libg_nano.a(lib_a-impure.o)
                              c:/program files (x86)/cypress/psoc creator/4.3/psoc creator/import/gnu/arm/5.4.1/bin/../lib/gcc/arm-none-eabi/5.4.1/../../../../arm-none-eabi/lib/armv7-m\libg_nano.a(lib_a-exit.o) (_global_impure_ptr)
[...]
Memory Configuration

Name             Origin             Length             Attributes
rom              0x00000000         0x00040000         xr
ram              0x1fff8000         0x00010000         xrw
*default*        0x00000000         0xffffffff

Linker script and memory map

LOAD c:/program files (x86)/cypress/psoc creator/4.3/psoc creator/import/gnu/arm/5.4.1/bin/../lib/gcc/arm-none-eabi/5.4.1/armv7-m/crti.o
LOAD c:/program files (x86)/cypress/psoc creator/4.3/psoc creator/import/gnu/arm/5.4.1/bin/../lib/gcc/arm-none-eabi/5.4.1/armv7-m/crtbegin.o
LOAD c:/program files (x86)/cypress/psoc creator/4.3/psoc creator/import/gnu/arm/5.4.1/bin/../lib/gcc/arm-none-eabi/5.4.1/../../../../arm-none-eabi/lib/armv7-m/crt0.o
START GROUP
LOAD .\CortexM3\ARM_GCC_541\Debug\main.o
LOAD .\CortexM3\ARM_GCC_541\Debug\cyfitter_cfg.o
LOAD .\CortexM3\ARM_GCC_541\Debug\cymetadata.o
LOAD .\CortexM3\ARM_GCC_541\Debug\Cm3Start.o
LOAD .\CortexM3\ARM_GCC_541\Debug\DAC.a
LOAD C:\Program Files (x86)\Cypress\PSoC Creator\4.3\PSoC Creator\psoc\content\cycomponentlibrary\CyComponentLibrary.cylib\CortexM3\ARM_GCC_541\Debug\CyComponentLibrary.a
END GROUP
START GROUP
LOAD c:/program files (x86)/cypress/psoc creator/4.3/psoc creator/import/gnu/arm/5.4.1/bin/../lib/gcc/arm-none-eabi/5.4.1/armv7-m\libgcc.a
LOAD c:/program files (x86)/cypress/psoc creator/4.3/psoc creator/import/gnu/arm/5.4.1/bin/../lib/gcc/arm-none-eabi/5.4.1/../../../../arm-none-eabi/lib/armv7-m\libg_nano.a
LOAD c:/program files (x86)/cypress/psoc creator/4.3/psoc creator/import/gnu/arm/5.4.1/bin/../lib/gcc/arm-none-eabi/5.4.1/../../../../arm-none-eabi/lib/armv7-m\libc_nano.a
END GROUP
START GROUP
LOAD c:/program files (x86)/cypress/psoc creator/4.3/psoc creator/import/gnu/arm/5.4.1/bin/../lib/gcc/arm-none-eabi/5.4.1/armv7-m\libgcc.a
LOAD c:/program files (x86)/cypress/psoc creator/4.3/psoc creator/import/gnu/arm/5.4.1/bin/../lib/gcc/arm-none-eabi/5.4.1/../../../../arm-none-eabi/lib/armv7-m\libc_nano.a
END GROUP
LOAD c:/program files (x86)/cypress/psoc creator/4.3/psoc creator/import/gnu/arm/5.4.1/bin/../lib/gcc/arm-none-eabi/5.4.1/armv7-m/crtend.o
LOAD c:/program files (x86)/cypress/psoc creator/4.3/psoc creator/import/gnu/arm/5.4.1/bin/../lib/gcc/arm-none-eabi/5.4.1/armv7-m/crtn.o
START GROUP
LOAD c:/program files (x86)/cypress/psoc creator/4.3/psoc creator/import/gnu/arm/5.4.1/bin/../lib/gcc/arm-none-eabi/5.4.1/armv7-m\libgcc.a
LOAD c:/program files (x86)/cypress/psoc creator/4.3/psoc creator/import/gnu/arm/5.4.1/bin/../lib/gcc/arm-none-eabi/5.4.1/../../../../arm-none-eabi/lib/armv7-m\libc.a
LOAD c:/program files (x86)/cypress/psoc creator/4.3/psoc creator/import/gnu/arm/5.4.1/bin/../lib/gcc/arm-none-eabi/5.4.1/../../../../arm-none-eabi/lib/armv7-m\libnosys.a
END GROUP
                0x00000000                CY_APPL_ORIGIN = 0x0
                0x00000100                CY_FLASH_ROW_SIZE = 0x100
                0x00000020                CY_ECC_ROW_SIZE = 0x20
                0x00000000                CY_EE_IN_BTLDR = 0x0
                0x00000000                CY_APPL_LOADABLE = 0x0
                0x00000800                CY_EE_SIZE = 0x800
                0x00000001                CY_APPL_NUM = 0x1
                0x00000001                CY_APPL_MAX = 0x1
                0x00000040                CY_METADATA_SIZE = 0x40
                0x00000000                CY_APPL_LOADABLE = 0x0
                0x00000000                CY_CHECKSUM_EXCLUDE_SIZE = ALIGN (0x0, CY_FLASH_ROW_SIZE)
                [!provide]                PROVIDE (__cy_heap_start, _end)
                0x00000001                PROVIDE (__cy_region_num, ((__cy_regions_end - __cy_regions) / 0x10))
                0x20008000                PROVIDE (__cy_stack, (ORIGIN (ram) + LENGTH (ram)))
                [!provide]                PROVIDE (__cy_heap_end, (__cy_stack - 0x800))

.cybootloader   0x00000000        0x0
 *(.cybootloader)
                0x00000000                appl1_start = CY_APPL_ORIGIN?CY_APPL_ORIGIN:ALIGN (CY_FLASH_ROW_SIZE)
                0x0001ff00                appl2_start = (appl1_start + ALIGN ((((LENGTH (rom) - appl1_start) - (0x2 * CY_FLASH_ROW_SIZE)) / 0x2), CY_FLASH_ROW_SIZE))
                0x00000000                appl_start = (CY_APPL_NUM == 0x1)?appl1_start:appl2_start
                0x00000000                ecc_offset = ((appl_start / CY_FLASH_ROW_SIZE) * CY_ECC_ROW_SIZE)
                0x00000000                ee_offset = (CY_APPL_LOADABLE && ! (CY_EE_IN_BTLDR))?((CY_EE_SIZE / CY_APPL_MAX) * (CY_APPL_NUM - 0x1)):0x0
                0x00000800                ee_size = (CY_APPL_LOADABLE && ! (CY_EE_IN_BTLDR))?(CY_EE_SIZE / CY_APPL_MAX):CY_EE_SIZE
                [!provide]                PROVIDE (CY_ECC_OFFSET, ecc_offset)

.text           0x00000000     0x14f8
 CREATE_OBJECT_SYMBOLS
                0x00000000                PROVIDE (__cy_interrupt_vector, RomVectors)
 *(.romvectors)
 .romvectors    0x00000000       0x10 .\CortexM3\ARM_GCC_541\Debug\Cm3Start.o
                0x00000000                RomVectors
                0x00000001                ASSERT ((. != __cy_interrupt_vector), No interrupt vector)
                0x00000001                ASSERT (CY_APPL_ORIGIN?(SIZEOF (.cybootloader) <= CY_APPL_ORIGIN):0x1, Wrong image location)
                0x00000010                PROVIDE (__cy_reset, Reset)
 *(.text.Reset)
 .text.Reset    0x00000010       0x18 .\CortexM3\ARM_GCC_541\Debug\Cm3Start.o
                0x00000010                Reset
                0x00000001                ASSERT ((. != __cy_reset), No reset code)
 *(.dma_init)
                0x00000001                ASSERT ((((appl_start + .) <= 0x10000) || 0x1), DMA Init must be within the first 64k of flash)
 *(.text .text.* .gnu.linkonce.t.*)
 .text          0x00000028       0x5c c:/program files (x86)/cypress/psoc creator/4.3/psoc creator/import/gnu/arm/5.4.1/bin/../lib/gcc/arm-none-eabi/5.4.1/armv7-m/crtbegin.o
 .text.main     0x00000084       0x3c .\CortexM3\ARM_GCC_541\Debug\main.o
                0x00000084                main
 .text.CyClockStartupError
                0x000000c0        0x4 .\CortexM3\ARM_GCC_541\Debug\cyfitter_cfg.o
 .text.cfg_write_bytes32
                0x000000c4       0x34 .\CortexM3\ARM_GCC_541\Debug\cyfitter_cfg.o
 .text.CYMEMZERO
                0x000000f8        0xc .\CortexM3\ARM_GCC_541\Debug\cyfitter_cfg.o
 .text.AnalogSetDefault
                0x00000104       0x8c .\CortexM3\ARM_GCC_541\Debug\cyfitter_cfg.o
 .text.CYCONFIGCPY
                0x00000190        0x8 .\CortexM3\ARM_GCC_541\Debug\cyfitter_cfg.o
 .text.ClockSetup
                0x00000198       0xf4 .\CortexM3\ARM_GCC_541\Debug\cyfitter_cfg.o
 .text.cyfitter_cfg
                0x0000028c      0x128 .\CortexM3\ARM_GCC_541\Debug\cyfitter_cfg.o
                0x0000028c                cyfitter_cfg
 .text.IntDefaultHandler
                0x000003b4       0x10 .\CortexM3\ARM_GCC_541\Debug\Cm3Start.o
                0x000003b4                IntDefaultHandler
 .text._sbrk    0x000003c4       0x30 .\CortexM3\ARM_GCC_541\Debug\Cm3Start.o
                0x000003c4                _sbrk
 .text.Start_c  0x000003f4       0x4c .\CortexM3\ARM_GCC_541\Debug\Cm3Start.o
                0x000003f4                Start_c
 .text.initialize_psoc
                0x00000440       0x6c .\CortexM3\ARM_GCC_541\Debug\Cm3Start.o
                0x00000440                initialize_psoc
 .text.ADC_CalcGain
                0x000004ac       0x64 .\CortexM3\ARM_GCC_541\Debug\DAC.a(ADC.o)
 .text.ADC_Enable
                0x00000510       0x94 .\CortexM3\ARM_GCC_541\Debug\DAC.a(ADC.o)
                0x00000510                ADC_Enable
 .text.ADC_SetResolution
                0x000005a4       0x38 .\CortexM3\ARM_GCC_541\Debug\DAC.a(ADC.o)
                0x000005a4                ADC_SetResolution
 .text.ADC_Init
                0x000005dc       0x3c .\CortexM3\ARM_GCC_541\Debug\DAC.a(ADC.o)
                0x000005dc                ADC_Init
 .text.ADC_Start
                0x00000618       0x1c .\CortexM3\ARM_GCC_541\Debug\DAC.a(ADC.o)
                0x00000618                ADC_Start
 .text.ADC_StartConvert
                0x00000634       0x10 .\CortexM3\ARM_GCC_541\Debug\DAC.a(ADC.o)
                0x00000634                ADC_StartConvert
 .text.ADC_IsEndConversion
                0x00000644       0x24 .\CortexM3\ARM_GCC_541\Debug\DAC.a(ADC.o)
                0x00000644                ADC_IsEndConversion
 .text.ADC_GetResult16
                0x00000668       0x18 .\CortexM3\ARM_GCC_541\Debug\DAC.a(ADC.o)
                0x00000668                ADC_GetResult16
 .text.ADC_ISR  0x00000680        0x4 .\CortexM3\ARM_GCC_541\Debug\DAC.a(ADC_INT.o)
                0x00000680                ADC_ISR
 .text.UART_1_Init
                0x00000684       0x24 .\CortexM3\ARM_GCC_541\Debug\DAC.a(UART_1.o)
                0x00000684                UART_1_Init
 .text.UART_1_Enable
                0x000006a8       0x38 .\CortexM3\ARM_GCC_541\Debug\DAC.a(UART_1.o)
                0x000006a8                UART_1_Enable
 .text.UART_1_Start
                0x000006e0       0x1c .\CortexM3\ARM_GCC_541\Debug\DAC.a(UART_1.o)
                0x000006e0                UART_1_Start
 .text.UART_1_PutChar
                0x000006fc       0x18 .\CortexM3\ARM_GCC_541\Debug\DAC.a(UART_1.o)
                0x000006fc                UART_1_PutChar
 .text.UART_1_PutString
                0x00000714       0x24 .\CortexM3\ARM_GCC_541\Debug\DAC.a(UART_1.o)
                0x00000714                UART_1_PutString
 .text.WaveDAC8_1_Enable
                0x00000738       0x2c .\CortexM3\ARM_GCC_541\Debug\DAC.a(WaveDAC8_1.o)
                0x00000738                WaveDAC8_1_Enable
 .text.WaveDAC8_1_Wave1Setup
                0x00000764       0x40 .\CortexM3\ARM_GCC_541\Debug\DAC.a(WaveDAC8_1.o)
                0x00000764                WaveDAC8_1_Wave1Setup
 .text.WaveDAC8_1_Wave2Setup
                0x000007a4       0x40 .\CortexM3\ARM_GCC_541\Debug\DAC.a(WaveDAC8_1.o)
                0x000007a4                WaveDAC8_1_Wave2Setup
 .text.WaveDAC8_1_Init
                0x000007e4       0x40 .\CortexM3\ARM_GCC_541\Debug\DAC.a(WaveDAC8_1.o)
                0x000007e4                WaveDAC8_1_Init
 .text.WaveDAC8_1_Start
                0x00000824       0x1c .\CortexM3\ARM_GCC_541\Debug\DAC.a(WaveDAC8_1.o)
                0x00000824                WaveDAC8_1_Start
 .text.ADC_theACLK_SetModeRegister
                0x00000840       0x14 .\CortexM3\ARM_GCC_541\Debug\DAC.a(ADC_theACLK.o)
                0x00000840                ADC_theACLK_SetModeRegister
 .text.UART_1_IntClock_Start
                0x00000854       0x1c .\CortexM3\ARM_GCC_541\Debug\DAC.a(UART_1_IntClock.o)
                0x00000854                UART_1_IntClock_Start
 .text.WaveDAC8_1_DacClk_Start
                0x00000870       0x1c .\CortexM3\ARM_GCC_541\Debug\DAC.a(WaveDAC8_1_DacClk.o)
                0x00000870                WaveDAC8_1_DacClk_Start
 .text.WaveDAC8_1_Wave1_DMA_DmaInitialize
                0x0000088c       0x3c .\CortexM3\ARM_GCC_541\Debug\DAC.a(WaveDAC8_1_Wave1_DMA_dma.o)
                0x0000088c                WaveDAC8_1_Wave1_DMA_DmaInitialize
 .text.WaveDAC8_1_Wave2_DMA_DmaInitialize
                0x000008c8       0x3c .\CortexM3\ARM_GCC_541\Debug\DAC.a(WaveDAC8_1_Wave2_DMA_dma.o)
                0x000008c8                WaveDAC8_1_Wave2_DMA_DmaInitialize
 .text.WaveDAC8_1_VDAC8_Enable
                0x00000904       0x1c .\CortexM3\ARM_GCC_541\Debug\DAC.a(WaveDAC8_1_VDAC8.o)
                0x00000904                WaveDAC8_1_VDAC8_Enable
 .text.WaveDAC8_1_VDAC8_SetSpeed
                0x00000920       0x1c .\CortexM3\ARM_GCC_541\Debug\DAC.a(WaveDAC8_1_VDAC8.o)
                0x00000920                WaveDAC8_1_VDAC8_SetSpeed
 .text.WaveDAC8_1_VDAC8_SetValue
                0x0000093c        0xc .\CortexM3\ARM_GCC_541\Debug\DAC.a(WaveDAC8_1_VDAC8.o)
                0x0000093c                WaveDAC8_1_VDAC8_SetValue
 .text.WaveDAC8_1_VDAC8_DacTrim
                0x00000948       0x24 .\CortexM3\ARM_GCC_541\Debug\DAC.a(WaveDAC8_1_VDAC8.o)
                0x00000948                WaveDAC8_1_VDAC8_DacTrim
 .text.WaveDAC8_1_VDAC8_SetRange
                0x0000096c       0x20 .\CortexM3\ARM_GCC_541\Debug\DAC.a(WaveDAC8_1_VDAC8.o)
                0x0000096c                WaveDAC8_1_VDAC8_SetRange
 .text.WaveDAC8_1_VDAC8_Init
                0x0000098c       0x2c .\CortexM3\ARM_GCC_541\Debug\DAC.a(WaveDAC8_1_VDAC8.o)
                0x0000098c                WaveDAC8_1_VDAC8_Init
 .text.CyDmacConfigure
                0x000009b8       0x34 .\CortexM3\ARM_GCC_541\Debug\DAC.a(CyDmac.o)
                0x000009b8                CyDmacConfigure
 .text.CyDmaChEnable
                0x000009ec       0x38 .\CortexM3\ARM_GCC_541\Debug\DAC.a(CyDmac.o)
                0x000009ec                CyDmaChEnable
 .text.CyDmaChPriority
                0x00000a24       0x24 .\CortexM3\ARM_GCC_541\Debug\DAC.a(CyDmac.o)
                0x00000a24                CyDmaChPriority
 .text.CyDmaChSetExtendedAddress
                0x00000a48       0x34 .\CortexM3\ARM_GCC_541\Debug\DAC.a(CyDmac.o)
                0x00000a48                CyDmaChSetExtendedAddress
 .text.CyDmaChSetInitialTd
                0x00000a7c       0x18 .\CortexM3\ARM_GCC_541\Debug\DAC.a(CyDmac.o)
                0x00000a7c                CyDmaChSetInitialTd
 .text.CyDmaChSetConfiguration
                0x00000a94       0x44 .\CortexM3\ARM_GCC_541\Debug\DAC.a(CyDmac.o)
                0x00000a94                CyDmaChSetConfiguration
 .text.CyDmaTdAllocate
                0x00000ad8       0x34 .\CortexM3\ARM_GCC_541\Debug\DAC.a(CyDmac.o)
                0x00000ad8                CyDmaTdAllocate
 .text.CyDmaTdSetConfiguration
                0x00000b0c       0x28 .\CortexM3\ARM_GCC_541\Debug\DAC.a(CyDmac.o)
                0x00000b0c                CyDmaTdSetConfiguration
 .text.CyDmaTdSetAddress
                0x00000b34       0x1c .\CortexM3\ARM_GCC_541\Debug\DAC.a(CyDmac.o)
                0x00000b34                CyDmaTdSetAddress
 .text.CyHalt   0x00000b50        0x4 .\CortexM3\ARM_GCC_541\Debug\DAC.a(CyLib.o)
                0x00000b50                CyHalt
 .text.CyDelayUs
                0x00000b54       0x14 .\CortexM3\ARM_GCC_541\Debug\DAC.a(CyLib.o)
                0x00000b54                CyDelayUs
 .text.CyIntSetVector
                0x00000b68       0x28 .\CortexM3\ARM_GCC_541\Debug\DAC.a(CyLib.o)
                0x00000b68                CyIntSetVector
 .text.CyIntSetPriority
                0x00000b90       0x30 .\CortexM3\ARM_GCC_541\Debug\DAC.a(CyLib.o)
                0x00000b90                CyIntSetPriority
 .text.WaveDAC8_1_BuffAmp_Enable
                0x00000bc0       0x28 .\CortexM3\ARM_GCC_541\Debug\DAC.a(WaveDAC8_1_BuffAmp.o)
                0x00000bc0                WaveDAC8_1_BuffAmp_Enable
 .text.WaveDAC8_1_BuffAmp_SetPower
                0x00000be8       0x1c .\CortexM3\ARM_GCC_541\Debug\DAC.a(WaveDAC8_1_BuffAmp.o)
                0x00000be8                WaveDAC8_1_BuffAmp_SetPower
 .text.WaveDAC8_1_BuffAmp_Init
                0x00000c04        0xc .\CortexM3\ARM_GCC_541\Debug\DAC.a(WaveDAC8_1_BuffAmp.o)
                0x00000c04                WaveDAC8_1_BuffAmp_Init
 .text          0x00000c10       0x20 .\CortexM3\ARM_GCC_541\Debug\DAC.a(CyBootAsmGnu.o)
                0x00000c10                CyDelayCycles
                0x00000c20                CyEnterCriticalSection
                0x00000c28                CyExitCriticalSection
 .text.__errno  0x00000c30        0xc c:/program files (x86)/cypress/psoc creator/4.3/psoc creator/import/gnu/arm/5.4.1/bin/../lib/gcc/arm-none-eabi/5.4.1/../../../../arm-none-eabi/lib/armv7-m\libg_nano.a(lib_a-errno.o)
                0x00000c30                __errno
 .text.__libc_init_array
                0x00000c3c       0x4c c:/program files (x86)/cypress/psoc creator/4.3/psoc creator/import/gnu/arm/5.4.1/bin/../lib/gcc/arm-none-eabi/5.4.1/../../../../arm-none-eabi/lib/armv7-m\libg_nano.a(lib_a-init.o)
                0x00000c3c                __libc_init_array
 .text.memcpy   0x00000c88       0x16 c:/program files (x86)/cypress/psoc creator/4.3/psoc creator/import/gnu/arm/5.4.1/bin/../lib/gcc/arm-none-eabi/5.4.1/../../../../arm-none-eabi/lib/armv7-m\libg_nano.a(lib_a-memcpy-stub.o)
                0x00000c88                memcpy
 .text.memset   0x00000c9e       0x10 c:/program files (x86)/cypress/psoc creator/4.3/psoc creator/import/gnu/arm/5.4.1/bin/../lib/gcc/arm-none-eabi/5.4.1/../../../../arm-none-eabi/lib/armv7-m\libg_nano.a(lib_a-memset.o)
                0x00000c9e                memset
 *fill*         0x00000cae        0x2 
 .text.sprintf  0x00000cb0       0x48 c:/program files (x86)/cypress/psoc creator/4.3/psoc creator/import/gnu/arm/5.4.1/bin/../lib/gcc/arm-none-eabi/5.4.1/../../../../arm-none-eabi/lib/armv7-m\libg_nano.a(lib_a-sprintf.o)
                0x00000cb0                siprintf
                0x00000cb0                sprintf
 .text.__ssputs_r
                0x00000cf8       0xb2 c:/program files (x86)/cypress/psoc creator/4.3/psoc creator/import/gnu/arm/5.4.1/bin/../lib/gcc/arm-none-eabi/5.4.1/../../../../arm-none-eabi/lib/armv7-m\libg_nano.a(lib_a-nano-svfprintf.o)
                0x00000cf8                __ssputs_r
 *fill*         0x00000daa        0x2 
 .text._svfprintf_r
                0x00000dac      0x1e8 c:/program files (x86)/cypress/psoc creator/4.3/psoc creator/import/gnu/arm/5.4.1/bin/../lib/gcc/arm-none-eabi/5.4.1/../../../../arm-none-eabi/lib/armv7-m\libg_nano.a(lib_a-nano-svfprintf.o)
                0x00000dac                _svfiprintf_r
                0x00000dac                _svfprintf_r
 .text._printf_common
                0x00000f94       0xec c:/program files (x86)/cypress/psoc creator/4.3/psoc creator/import/gnu/arm/5.4.1/bin/../lib/gcc/arm-none-eabi/5.4.1/../../../../arm-none-eabi/lib/armv7-m\libg_nano.a(lib_a-nano-vfprintf_i.o)
                0x00000f94                _printf_common
 .text._printf_i
                0x00001080      0x24c c:/program files (x86)/cypress/psoc creator/4.3/psoc creator/import/gnu/arm/5.4.1/bin/../lib/gcc/arm-none-eabi/5.4.1/../../../../arm-none-eabi/lib/armv7-m\libg_nano.a(lib_a-nano-vfprintf_i.o)
                0x00001080                _printf_i
 .text.memchr   0x000012cc       0x1c c:/program files (x86)/cypress/psoc creator/4.3/psoc creator/import/gnu/arm/5.4.1/bin/../lib/gcc/arm-none-eabi/5.4.1/../../../../arm-none-eabi/lib/armv7-m\libg_nano.a(lib_a-memchr-stub.o)
                0x000012cc                memchr
 .text.memmove  0x000012e8       0x36 c:/program files (x86)/cypress/psoc creator/4.3/psoc creator/import/gnu/arm/5.4.1/bin/../lib/gcc/arm-none-eabi/5.4.1/../../../../arm-none-eabi/lib/armv7-m\libg_nano.a(lib_a-memmove.o)
                0x000012e8                memmove
 *fill*         0x0000131e        0x2 
 .text._free_r  0x00001320       0x98 c:/program files (x86)/cypress/psoc creator/4.3/psoc creator/import/gnu/arm/5.4.1/bin/../lib/gcc/arm-none-eabi/5.4.1/../../../../arm-none-eabi/lib/armv7-m\libg_nano.a(lib_a-nano-freer.o)
                0x00001320                _free_r
 .text._malloc_r
                0x000013b8       0xbc c:/program files (x86)/cypress/psoc creator/4.3/psoc creator/import/gnu/arm/5.4.1/bin/../lib/gcc/arm-none-eabi/5.4.1/../../../../arm-none-eabi/lib/armv7-m\libg_nano.a(lib_a-nano-mallocr.o)
                0x000013b8                _malloc_r
 .text._realloc_r
                0x00001474       0x4c c:/program files (x86)/cypress/psoc creator/4.3/psoc creator/import/gnu/arm/5.4.1/bin/../lib/gcc/arm-none-eabi/5.4.1/../../../../arm-none-eabi/lib/armv7-m\libg_nano.a(lib_a-nano-reallocr.o)
                0x00001474                _realloc_r
 .text._sbrk_r  0x000014c0       0x20 c:/program files (x86)/cypress/psoc creator/4.3/psoc creator/import/gnu/arm/5.4.1/bin/../lib/gcc/arm-none-eabi/5.4.1/../../../../arm-none-eabi/lib/armv7-m\libg_nano.a(lib_a-sbrkr.o)
                0x000014c0                _sbrk_r
 .text.__malloc_lock
                0x000014e0        0x2 c:/program files (x86)/cypress/psoc creator/4.3/psoc creator/import/gnu/arm/5.4.1/bin/../lib/gcc/arm-none-eabi/5.4.1/../../../../arm-none-eabi/lib/armv7-m\libg_nano.a(lib_a-mlock.o)
                0x000014e0                __malloc_lock
 .text.__malloc_unlock
                0x000014e2        0x2 c:/program files (x86)/cypress/psoc creator/4.3/psoc creator/import/gnu/arm/5.4.1/bin/../lib/gcc/arm-none-eabi/5.4.1/../../../../arm-none-eabi/lib/armv7-m\libg_nano.a(lib_a-mlock.o)
                0x000014e2                __malloc_unlock
 .text._malloc_usable_size_r
                0x000014e4       0x14 c:/program files (x86)/cypress/psoc creator/4.3/psoc creator/import/gnu/arm/5.4.1/bin/../lib/gcc/arm-none-eabi/5.4.1/../../../../arm-none-eabi/lib/armv7-m\libg_nano.a(lib_a-nano-msizer.o)
                0x000014e4                _malloc_usable_size_r
 *(.plt)
 *(.gnu.warning)
 *(.glue_7t)
 .glue_7t       0x000014f8        0x0 linker stubs
 *(.glue_7)
 .glue_7        0x000014f8        0x0 linker stubs
 *(.vfp11_veneer)
 .vfp11_veneer  0x000014f8        0x0 linker stubs
 *(.bootloader)
 *(.ARM.extab* .gnu.linkonce.armextab.*)
 *(.gcc_except_table)

.v4_bx          0x000014f8        0x0
 .v4_bx         0x000014f8        0x0 linker stubs

.iplt           0x000014f8        0x0
 .iplt          0x000014f8        0x0 c:/program files (x86)/cypress/psoc creator/4.3/psoc creator/import/gnu/arm/5.4.1/bin/../lib/gcc/arm-none-eabi/5.4.1/armv7-m/crtbegin.o

.eh_frame_hdr
 *(.eh_frame_hdr)

.eh_frame       0x000014f8        0x4
 *(.eh_frame)
 .eh_frame      0x000014f8        0x0 c:/program files (x86)/cypress/psoc creator/4.3/psoc creator/import/gnu/arm/5.4.1/bin/../lib/gcc/arm-none-eabi/5.4.1/armv7-m/crtbegin.o
 .eh_frame      0x000014f8        0x4 c:/program files (x86)/cypress/psoc creator/4.3/psoc creator/import/gnu/arm/5.4.1/bin/../lib/gcc/arm-none-eabi/5.4.1/armv7-m/crtend.o
                [!provide]                PROVIDE (__exidx_start, .)

.ARM.exidx
 *(.ARM.exidx* .gnu.linkonce.armexidx.*)
                0x000014fc                __exidx_end = .

.rodata         0x000014fc      0x184
 *(.rodata .rodata.* .gnu.linkonce.r.*)
 .rodata.str1.4
                0x000014fc        0x8 .\CortexM3\ARM_GCC_541\Debug\main.o
                                  0x5 (size before relaxing)
 .rodata        0x00001504       0x46 .\CortexM3\ARM_GCC_541\Debug\cyfitter_cfg.o
 *fill*         0x0000154a        0x2 
 .rodata        0x0000154c       0xc8 .\CortexM3\ARM_GCC_541\Debug\DAC.a(WaveDAC8_1.o)
                0x0000154c                WaveDAC8_1_wave1
                0x000015b0                WaveDAC8_1_wave2
 .rodata.str1.1
                0x00001614        0x2 c:/program files (x86)/cypress/psoc creator/4.3/psoc creator/import/gnu/arm/5.4.1/bin/../lib/gcc/arm-none-eabi/5.4.1/../../../../arm-none-eabi/lib/armv7-m\libg_nano.a(lib_a-impure.o)
 .rodata.str1.1
                0x00001616       0x11 c:/program files (x86)/cypress/psoc creator/4.3/psoc creator/import/gnu/arm/5.4.1/bin/../lib/gcc/arm-none-eabi/5.4.1/../../../../arm-none-eabi/lib/armv7-m\libg_nano.a(lib_a-nano-svfprintf.o)
 .rodata.str1.1
                0x00001627       0x22 c:/program files (x86)/cypress/psoc creator/4.3/psoc creator/import/gnu/arm/5.4.1/bin/../lib/gcc/arm-none-eabi/5.4.1/../../../../arm-none-eabi/lib/armv7-m\libg_nano.a(lib_a-nano-vfprintf_i.o)
                0x0000164c                . = ALIGN (0x4)
 *fill*         0x00001649        0x3 
 *(.init)
 .init          0x0000164c        0x4 c:/program files (x86)/cypress/psoc creator/4.3/psoc creator/import/gnu/arm/5.4.1/bin/../lib/gcc/arm-none-eabi/5.4.1/armv7-m/crti.o
                0x0000164c                _init
 .init          0x00001650        0x8 c:/program files (x86)/cypress/psoc creator/4.3/psoc creator/import/gnu/arm/5.4.1/bin/../lib/gcc/arm-none-eabi/5.4.1/armv7-m/crtn.o
                0x00001658                . = ALIGN (0x4)
                0x00001658                __preinit_array_start = .
 *(.preinit_array)
                0x00001658                __preinit_array_end = .
                0x00001658                . = ALIGN (0x4)
                0x00001658                __init_array_start = .
 *(SORT(.init_array.*))
 *(.init_array)
 .init_array    0x00001658        0x4 c:/program files (x86)/cypress/psoc creator/4.3/psoc creator/import/gnu/arm/5.4.1/bin/../lib/gcc/arm-none-eabi/5.4.1/armv7-m/crtbegin.o
 .init_array    0x0000165c        0x4 .\CortexM3\ARM_GCC_541\Debug\Cm3Start.o
                0x00001660                __init_array_end = .
                0x00001660                . = ALIGN (0x4)
 *(.fini)
 .fini          0x00001660        0x4 c:/program files (x86)/cypress/psoc creator/4.3/psoc creator/import/gnu/arm/5.4.1/bin/../lib/gcc/arm-none-eabi/5.4.1/armv7-m/crti.o
                0x00001660                _fini
 .fini          0x00001664        0x8 c:/program files (x86)/cypress/psoc creator/4.3/psoc creator/import/gnu/arm/5.4.1/bin/../lib/gcc/arm-none-eabi/5.4.1/armv7-m/crtn.o
                0x0000166c                . = ALIGN (0x4)
                0x0000166c                __fini_array_start = .
 *(.fini_array)
 .fini_array    0x0000166c        0x4 c:/program files (x86)/cypress/psoc creator/4.3/psoc creator/import/gnu/arm/5.4.1/bin/../lib/gcc/arm-none-eabi/5.4.1/armv7-m/crtbegin.o
 *(SORT(.fini_array.*))
                0x00001670                __fini_array_end = .
                0x00001670                . = ALIGN (0x4)
 *crtbegin.o(.ctors)
 *(EXCLUDE_FILE(*crtend.o) .ctors)
 *(SORT(.ctors.*))
 *crtend.o(.ctors)
                0x00001670                . = ALIGN (0x4)
 *crtbegin.o(.dtors)
 *(EXCLUDE_FILE(*crtend.o) .dtors)
 *(SORT(.dtors.*))
 *crtend.o(.dtors)
                0x00001670                . = ALIGN (0x4)
                0x00001670                __cy_regions = .
                0x00001670        0x4 LONG 0x1680 __cy_region_init_ram
                0x00001674        0x4 LONG 0x1fff80c8 __cy_region_start_data
                0x00001678        0x4 LONG 0x88 __cy_region_init_size_ram
                0x0000167c        0x4 LONG 0x140 __cy_region_zero_size_ram
                0x00001680                __cy_regions_end = .
                0x00001680                . = ALIGN (0x8)
                0x00001680                _etext = .

.cy_checksum_exclude
                0x00001680        0x0
 *(.cy_checksum_exclude)

.ramvectors     0x1fff8000       0xc0
                0x1fff8000                __cy_region_start_ram = .
 *(.ramvectors)
 .ramvectors    0x1fff8000       0xc0 .\CortexM3\ARM_GCC_541\Debug\Cm3Start.o
                0x1fff8000                CyRamVectors

.noinit         0x1fff80c0        0x1
 *(.noinit)
 .noinit        0x1fff80c0        0x1 .\CortexM3\ARM_GCC_541\Debug\DAC.a(CyLib.o)
                0x1fff80c0                CyResetStatus

.data           0x1fff80c8       0x88 load address 0x00001680
                0x1fff80c8                __cy_region_start_data = .
 *(.jcr)
 .jcr           0x1fff80c8        0x0 c:/program files (x86)/cypress/psoc creator/4.3/psoc creator/import/gnu/arm/5.4.1/bin/../lib/gcc/arm-none-eabi/5.4.1/armv7-m/crtbegin.o
 .jcr           0x1fff80c8        0x4 c:/program files (x86)/cypress/psoc creator/4.3/psoc creator/import/gnu/arm/5.4.1/bin/../lib/gcc/arm-none-eabi/5.4.1/armv7-m/crtend.o
 *(.got.plt)
 *(.got)
 *(.shdata)
 *(.data .data.* .gnu.linkonce.d.*)
 .data          0x1fff80cc        0x4 .\CortexM3\ARM_GCC_541\Debug\Cm3Start.o
 .data          0x1fff80d0        0x1 .\CortexM3\ARM_GCC_541\Debug\DAC.a(WaveDAC8_1_Wave1_DMA_dma.o)
                0x1fff80d0                WaveDAC8_1_Wave1_DMA_DmaHandle
 .data          0x1fff80d1        0x1 .\CortexM3\ARM_GCC_541\Debug\DAC.a(WaveDAC8_1_Wave2_DMA_dma.o)
                0x1fff80d1                WaveDAC8_1_Wave2_DMA_DmaHandle
 *fill*         0x1fff80d2        0x2 
 .data          0x1fff80d4        0x8 .\CortexM3\ARM_GCC_541\Debug\DAC.a(CyDmac.o)
 .data          0x1fff80dc       0x10 .\CortexM3\ARM_GCC_541\Debug\DAC.a(CyLib.o)
                0x1fff80dc                cydelay_32k_ms
                0x1fff80e0                cydelay_freq_khz
                0x1fff80e4                cydelay_freq_mhz
                0x1fff80e8                cydelay_freq_hz
 .data.impure_data
                0x1fff80ec       0x60 c:/program files (x86)/cypress/psoc creator/4.3/psoc creator/import/gnu/arm/5.4.1/bin/../lib/gcc/arm-none-eabi/5.4.1/../../../../arm-none-eabi/lib/armv7-m\libg_nano.a(lib_a-impure.o)
 .data._impure_ptr
                0x1fff814c        0x4 c:/program files (x86)/cypress/psoc creator/4.3/psoc creator/import/gnu/arm/5.4.1/bin/../lib/gcc/arm-none-eabi/5.4.1/../../../../arm-none-eabi/lib/armv7-m\libg_nano.a(lib_a-impure.o)
                0x1fff814c                _impure_ptr
                0x1fff8150                . = ALIGN (0x8)
 *(.ram)
                0x1fff8150                _edata = .

.igot.plt       0x1fff8150        0x0 load address 0x00001708
 .igot.plt      0x1fff8150        0x0 c:/program files (x86)/cypress/psoc creator/4.3/psoc creator/import/gnu/arm/5.4.1/bin/../lib/gcc/arm-none-eabi/5.4.1/armv7-m/crtbegin.o

.bss            0x1fff8150      0x140 load address 0x00001708
                0x1fff8150                PROVIDE (__bss_start__, .)
 *(.shbss)
 *(.bss .bss.* .gnu.linkonce.b.*)
 .bss           0x1fff8150       0x1c c:/program files (x86)/cypress/psoc creator/4.3/psoc creator/import/gnu/arm/5.4.1/bin/../lib/gcc/arm-none-eabi/5.4.1/armv7-m/crtbegin.o
 .bss           0x1fff816c        0x1 .\CortexM3\ARM_GCC_541\Debug\DAC.a(ADC.o)
                0x1fff816c                ADC_initVar
 .bss           0x1fff816d        0x2 .\CortexM3\ARM_GCC_541\Debug\DAC.a(UART_1.o)
                0x1fff816d                UART_1_initVar
 .bss           0x1fff816f        0x5 .\CortexM3\ARM_GCC_541\Debug\DAC.a(WaveDAC8_1.o)
                0x1fff8173                WaveDAC8_1_initVar
 .bss.__malloc_sbrk_start
                0x1fff8174        0x4 c:/program files (x86)/cypress/psoc creator/4.3/psoc creator/import/gnu/arm/5.4.1/bin/../lib/gcc/arm-none-eabi/5.4.1/../../../../arm-none-eabi/lib/armv7-m\libg_nano.a(lib_a-nano-mallocr.o)
                0x1fff8174                __malloc_sbrk_start
 .bss.__malloc_free_list
                0x1fff8178        0x4 c:/program files (x86)/cypress/psoc creator/4.3/psoc creator/import/gnu/arm/5.4.1/bin/../lib/gcc/arm-none-eabi/5.4.1/../../../../arm-none-eabi/lib/armv7-m\libg_nano.a(lib_a-nano-mallocr.o)
                0x1fff8178                __malloc_free_list
 *(COMMON)
 COMMON         0x1fff817c      0x100 .\CortexM3\ARM_GCC_541\Debug\main.o
                0x1fff817c                transmitBuffer
 COMMON         0x1fff827c        0xa .\CortexM3\ARM_GCC_541\Debug\DAC.a(ADC.o)
                0x1fff827c                ADC_countsPer10Volt
                0x1fff8280                ADC_shift
                0x1fff8282                ADC_countsPerVolt
                0x1fff8284                ADC_offset
 *fill*         0x1fff8286        0x2 
 COMMON         0x1fff8288        0x4 c:/program files (x86)/cypress/psoc creator/4.3/psoc creator/import/gnu/arm/5.4.1/bin/../lib/gcc/arm-none-eabi/5.4.1/../../../../arm-none-eabi/lib/armv7-m\libg_nano.a(lib_a-reent.o)
                0x1fff8288                errno
                0x1fff8290                . = ALIGN (0x8)
 *fill*         0x1fff828c        0x4 
 *(.ram.b)
                0x1fff8290                _end = .
                0x1fff8290                __end = .
                0x1fff8290                PROVIDE (end, .)
                0x1fff8290                PROVIDE (__bss_end__, .)
                0x00001680                __cy_region_init_ram = LOADADDR (.data)
                0x00000088                __cy_region_init_size_ram = (_edata - ADDR (.data))
                0x00000140                __cy_region_zero_size_ram = (_end - _edata)

.heap           0x1fff8290       0x80 load address 0x00001708
                0x1fff8290                . = _end
                0x1fff8310                . = (. + 0x80)
 *fill*         0x1fff8290       0x80 
                0x1fff8310                __cy_heap_limit = .

.stack          0x20007800      0x800
                0x20007800                __cy_stack_limit = .
                0x20008000                . = (. + 0x800)
 *fill*         0x20007800      0x800 
                0x00000001                ASSERT ((__cy_stack_limit >= __cy_heap_limit), region RAM overflowed with stack)
                0x00000000                cy_checksum_exclude_size = (CY_APPL_LOADABLE == 0x1)?SIZEOF (.cy_checksum_exclude):0x0
                0x00000001                ASSERT ((cy_checksum_exclude_size <= CY_CHECKSUM_EXCLUDE_SIZE), CY_BOOT: Section .cy_checksum_exclude size exceedes specified limit.)

.cyloadermeta
 *(.cyloadermeta)

.cyloadablemeta
 *(.cyloadablemeta)

.cyconfigecc    0x80000000      0x36c
 *(.cyconfigecc)
 .cyconfigecc   0x80000000      0x36c .\CortexM3\ARM_GCC_541\Debug\cymetadata.o
                0x80000000                cy_meta_configecc

.cycustnvl      0x90000000        0x4
 *(.cycustnvl)
 .cycustnvl     0x90000000        0x4 .\CortexM3\ARM_GCC_541\Debug\cymetadata.o
                0x90000000                cy_meta_custnvl

.cywolatch      0x90100000        0x4
 *(.cywolatch)
 .cywolatch     0x90100000        0x4 .\CortexM3\ARM_GCC_541\Debug\cymetadata.o
                0x90100000                cy_meta_wonvl

.cyeeprom       0x90200000        0x0
 *(.cyeeprom)
                0x00000001                ASSERT ((. <= ((0x90200000 + ee_offset) + ee_size)), .cyeeprom data will not fit in EEPROM)

.cyflashprotect
                0x90400000      0x100
 *(.cyflashprotect)
 .cyflashprotect
                0x90400000      0x100 .\CortexM3\ARM_GCC_541\Debug\cymetadata.o
                0x90400000                cy_meta_flashprotect

.cymeta         0x90500000        0xc
 *(.cymeta)
 .cymeta        0x90500000        0xc .\CortexM3\ARM_GCC_541\Debug\cymetadata.o
                0x90500000                cy_metadata

.rel.dyn        0x00001708        0x0 load address 0x9050000c
 .rel.iplt      0x00001708        0x0 c:/program files (x86)/cypress/psoc creator/4.3/psoc creator/import/gnu/arm/5.4.1/bin/../lib/gcc/arm-none-eabi/5.4.1/armv7-m/crtbegin.o

.stab
 *(.stab)

.stabstr
 *(.stabstr)

.debug
 *(.debug)

.line
 *(.line)

.debug_srcinfo
 *(.debug_srcinfo)

.debug_sfnames
 *(.debug_sfnames)

.debug_aranges  0x00000000      0xa60
 *(.debug_aranges)
 .debug_aranges
                0x00000000       0x20 .\CortexM3\ARM_GCC_541\Debug\main.o
 .debug_aranges
                0x00000020       0x58 .\CortexM3\ARM_GCC_541\Debug\cyfitter_cfg.o
 .debug_aranges
                0x00000078       0x18 .\CortexM3\ARM_GCC_541\Debug\cymetadata.o
 .debug_aranges
                0x00000090       0x48 .\CortexM3\ARM_GCC_541\Debug\Cm3Start.o
 .debug_aranges
                0x000000d8       0xa8 .\CortexM3\ARM_GCC_541\Debug\DAC.a(ADC.o)
 .debug_aranges
                0x00000180       0x20 .\CortexM3\ARM_GCC_541\Debug\DAC.a(ADC_INT.o)
 .debug_aranges
                0x000001a0       0xf0 .\CortexM3\ARM_GCC_541\Debug\DAC.a(UART_1.o)
 .debug_aranges
                0x00000290       0x50 .\CortexM3\ARM_GCC_541\Debug\DAC.a(WaveDAC8_1.o)
 .debug_aranges
                0x000002e0       0x80 .\CortexM3\ARM_GCC_541\Debug\DAC.a(ADC_theACLK.o)
 .debug_aranges
                0x00000360       0x70 .\CortexM3\ARM_GCC_541\Debug\DAC.a(UART_1_IntClock.o)
 .debug_aranges
                0x000003d0       0x70 .\CortexM3\ARM_GCC_541\Debug\DAC.a(WaveDAC8_1_DacClk.o)
 .debug_aranges
                0x00000440       0x28 .\CortexM3\ARM_GCC_541\Debug\DAC.a(WaveDAC8_1_Wave1_DMA_dma.o)
 .debug_aranges
                0x00000468       0x28 .\CortexM3\ARM_GCC_541\Debug\DAC.a(WaveDAC8_1_Wave2_DMA_dma.o)
 .debug_aranges
                0x00000490       0x58 .\CortexM3\ARM_GCC_541\Debug\DAC.a(WaveDAC8_1_VDAC8.o)
 .debug_aranges
                0x000004e8       0xd8 .\CortexM3\ARM_GCC_541\Debug\DAC.a(CyDmac.o)
 .debug_aranges
                0x000005c0      0x2a0 .\CortexM3\ARM_GCC_541\Debug\DAC.a(CyLib.o)
 .debug_aranges
                0x00000860       0x98 .\CortexM3\ARM_GCC_541\Debug\DAC.a(cyPm.o)
 .debug_aranges
                0x000008f8       0x40 .\CortexM3\ARM_GCC_541\Debug\DAC.a(WaveDAC8_1_BuffAmp.o)
 .debug_aranges
                0x00000938       0x20 .\CortexM3\ARM_GCC_541\Debug\DAC.a(CyBootAsmGnu.o)
 .debug_aranges
                0x00000958       0x88 .\CortexM3\ARM_GCC_541\Debug\DAC.a(CyFlash.o)
 .debug_aranges
                0x000009e0       0x80 .\CortexM3\ARM_GCC_541\Debug\DAC.a(CySpc.o)

.debug_pubnames
 *(.debug_pubnames)

.debug_info     0x00000000     0x5ff6
 *(.debug_info .gnu.linkonce.wi.*)
 .debug_info    0x00000000      0x1d1 .\CortexM3\ARM_GCC_541\Debug\main.o
 .debug_info    0x000001d1      0x62c .\CortexM3\ARM_GCC_541\Debug\cyfitter_cfg.o
 .debug_info    0x000007fd      0x135 .\CortexM3\ARM_GCC_541\Debug\cymetadata.o
 .debug_info    0x00000932      0x3cf .\CortexM3\ARM_GCC_541\Debug\Cm3Start.o
 .debug_info    0x00000d01      0x5c0 .\CortexM3\ARM_GCC_541\Debug\DAC.a(ADC.o)
 .debug_info    0x000012c1       0x92 .\CortexM3\ARM_GCC_541\Debug\DAC.a(ADC_INT.o)
 .debug_info    0x00001353      0x60c .\CortexM3\ARM_GCC_541\Debug\DAC.a(UART_1.o)
 .debug_info    0x0000195f      0x52f .\CortexM3\ARM_GCC_541\Debug\DAC.a(WaveDAC8_1.o)
 .debug_info    0x00001e8e      0x2c4 .\CortexM3\ARM_GCC_541\Debug\DAC.a(ADC_theACLK.o)
 .debug_info    0x00002152      0x283 .\CortexM3\ARM_GCC_541\Debug\DAC.a(UART_1_IntClock.o)
 .debug_info    0x000023d5      0x283 .\CortexM3\ARM_GCC_541\Debug\DAC.a(WaveDAC8_1_DacClk.o)
 .debug_info    0x00002658      0x1aa .\CortexM3\ARM_GCC_541\Debug\DAC.a(WaveDAC8_1_Wave1_DMA_dma.o)
 .debug_info    0x00002802      0x1a7 .\CortexM3\ARM_GCC_541\Debug\DAC.a(WaveDAC8_1_Wave2_DMA_dma.o)
 .debug_info    0x000029a9      0x1de .\CortexM3\ARM_GCC_541\Debug\DAC.a(WaveDAC8_1_VDAC8.o)
 .debug_info    0x00002b87      0x94e .\CortexM3\ARM_GCC_541\Debug\DAC.a(CyDmac.o)
 .debug_info    0x000034d5     0x1374 .\CortexM3\ARM_GCC_541\Debug\DAC.a(CyLib.o)
 .debug_info    0x00004849      0xa2a .\CortexM3\ARM_GCC_541\Debug\DAC.a(cyPm.o)
 .debug_info    0x00005273      0x151 .\CortexM3\ARM_GCC_541\Debug\DAC.a(WaveDAC8_1_BuffAmp.o)
 .debug_info    0x000053c4       0x95 .\CortexM3\ARM_GCC_541\Debug\DAC.a(CyBootAsmGnu.o)
 .debug_info    0x00005459      0x64d .\CortexM3\ARM_GCC_541\Debug\DAC.a(CyFlash.o)
 .debug_info    0x00005aa6      0x550 .\CortexM3\ARM_GCC_541\Debug\DAC.a(CySpc.o)

.debug_abbrev   0x00000000     0x198c
 *(.debug_abbrev)
 .debug_abbrev  0x00000000       0xed .\CortexM3\ARM_GCC_541\Debug\main.o
 .debug_abbrev  0x000000ed      0x20d .\CortexM3\ARM_GCC_541\Debug\cyfitter_cfg.o
 .debug_abbrev  0x000002fa       0x66 .\CortexM3\ARM_GCC_541\Debug\cymetadata.o
 .debug_abbrev  0x00000360      0x1e8 .\CortexM3\ARM_GCC_541\Debug\Cm3Start.o
 .debug_abbrev  0x00000548      0x1ac .\CortexM3\ARM_GCC_541\Debug\DAC.a(ADC.o)
 .debug_abbrev  0x000006f4       0x42 .\CortexM3\ARM_GCC_541\Debug\DAC.a(ADC_INT.o)
 .debug_abbrev  0x00000736      0x175 .\CortexM3\ARM_GCC_541\Debug\DAC.a(UART_1.o)
 .debug_abbrev  0x000008ab      0x10b .\CortexM3\ARM_GCC_541\Debug\DAC.a(WaveDAC8_1.o)
 .debug_abbrev  0x000009b6      0x121 .\CortexM3\ARM_GCC_541\Debug\DAC.a(ADC_theACLK.o)
 .debug_abbrev  0x00000ad7      0x139 .\CortexM3\ARM_GCC_541\Debug\DAC.a(UART_1_IntClock.o)
 .debug_abbrev  0x00000c10      0x139 .\CortexM3\ARM_GCC_541\Debug\DAC.a(WaveDAC8_1_DacClk.o)
 .debug_abbrev  0x00000d49       0xcd .\CortexM3\ARM_GCC_541\Debug\DAC.a(WaveDAC8_1_Wave1_DMA_dma.o)
 .debug_abbrev  0x00000e16       0xcd .\CortexM3\ARM_GCC_541\Debug\DAC.a(WaveDAC8_1_Wave2_DMA_dma.o)
 .debug_abbrev  0x00000ee3       0xf7 .\CortexM3\ARM_GCC_541\Debug\DAC.a(WaveDAC8_1_VDAC8.o)
 .debug_abbrev  0x00000fda      0x1b2 .\CortexM3\ARM_GCC_541\Debug\DAC.a(CyDmac.o)
 .debug_abbrev  0x0000118c      0x254 .\CortexM3\ARM_GCC_541\Debug\DAC.a(CyLib.o)
 .debug_abbrev  0x000013e0      0x1ab .\CortexM3\ARM_GCC_541\Debug\DAC.a(cyPm.o)
 .debug_abbrev  0x0000158b       0xb2 .\CortexM3\ARM_GCC_541\Debug\DAC.a(WaveDAC8_1_BuffAmp.o)
 .debug_abbrev  0x0000163d       0x14 .\CortexM3\ARM_GCC_541\Debug\DAC.a(CyBootAsmGnu.o)
 .debug_abbrev  0x00001651      0x1a7 .\CortexM3\ARM_GCC_541\Debug\DAC.a(CyFlash.o)
 .debug_abbrev  0x000017f8      0x194 .\CortexM3\ARM_GCC_541\Debug\DAC.a(CySpc.o)

.debug_line     0x00000000     0x28e1
 *(.debug_line)
 .debug_line    0x00000000      0x21c .\CortexM3\ARM_GCC_541\Debug\main.o
 .debug_line    0x0000021c      0x20a .\CortexM3\ARM_GCC_541\Debug\cyfitter_cfg.o
 .debug_line    0x00000426      0x141 .\CortexM3\ARM_GCC_541\Debug\cymetadata.o
 .debug_line    0x00000567      0x241 .\CortexM3\ARM_GCC_541\Debug\Cm3Start.o
 .debug_line    0x000007a8      0x214 .\CortexM3\ARM_GCC_541\Debug\DAC.a(ADC.o)
 .debug_line    0x000009bc       0x50 .\CortexM3\ARM_GCC_541\Debug\DAC.a(ADC_INT.o)
 .debug_line    0x00000a0c      0x2c0 .\CortexM3\ARM_GCC_541\Debug\DAC.a(UART_1.o)
 .debug_line    0x00000ccc      0x176 .\CortexM3\ARM_GCC_541\Debug\DAC.a(WaveDAC8_1.o)
 .debug_line    0x00000e42      0x19d .\CortexM3\ARM_GCC_541\Debug\DAC.a(ADC_theACLK.o)
 .debug_line    0x00000fdf      0x17e .\CortexM3\ARM_GCC_541\Debug\DAC.a(UART_1_IntClock.o)
 .debug_line    0x0000115d      0x180 .\CortexM3\ARM_GCC_541\Debug\DAC.a(WaveDAC8_1_DacClk.o)
 .debug_line    0x000012dd       0x91 .\CortexM3\ARM_GCC_541\Debug\DAC.a(WaveDAC8_1_Wave1_DMA_dma.o)
 .debug_line    0x0000136e       0x91 .\CortexM3\ARM_GCC_541\Debug\DAC.a(WaveDAC8_1_Wave2_DMA_dma.o)
 .debug_line    0x000013ff       0xec .\CortexM3\ARM_GCC_541\Debug\DAC.a(WaveDAC8_1_VDAC8.o)
 .debug_line    0x000014eb      0x2e4 .\CortexM3\ARM_GCC_541\Debug\DAC.a(CyDmac.o)
 .debug_line    0x000017cf      0x816 .\CortexM3\ARM_GCC_541\Debug\DAC.a(CyLib.o)
 .debug_line    0x00001fe5      0x367 .\CortexM3\ARM_GCC_541\Debug\DAC.a(cyPm.o)
 .debug_line    0x0000234c       0xb5 .\CortexM3\ARM_GCC_541\Debug\DAC.a(WaveDAC8_1_BuffAmp.o)
 .debug_line    0x00002401       0x66 .\CortexM3\ARM_GCC_541\Debug\DAC.a(CyBootAsmGnu.o)
 .debug_line    0x00002467      0x21a .\CortexM3\ARM_GCC_541\Debug\DAC.a(CyFlash.o)
 .debug_line    0x00002681      0x260 .\CortexM3\ARM_GCC_541\Debug\DAC.a(CySpc.o)

.debug_frame    0x00000000     0x1e10
 *(.debug_frame)
 .debug_frame   0x00000000       0x2c .\CortexM3\ARM_GCC_541\Debug\main.o
 .debug_frame   0x0000002c       0xfc .\CortexM3\ARM_GCC_541\Debug\cyfitter_cfg.o
 .debug_frame   0x00000128       0xb8 .\CortexM3\ARM_GCC_541\Debug\Cm3Start.o
 .debug_frame   0x000001e0      0x1b0 .\CortexM3\ARM_GCC_541\Debug\DAC.a(ADC.o)
 .debug_frame   0x00000390       0x20 .\CortexM3\ARM_GCC_541\Debug\DAC.a(ADC_INT.o)
 .debug_frame   0x000003b0      0x250 .\CortexM3\ARM_GCC_541\Debug\DAC.a(UART_1.o)
 .debug_frame   0x00000600       0xe0 .\CortexM3\ARM_GCC_541\Debug\DAC.a(WaveDAC8_1.o)
 .debug_frame   0x000006e0      0x100 .\CortexM3\ARM_GCC_541\Debug\DAC.a(ADC_theACLK.o)
 .debug_frame   0x000007e0       0xe0 .\CortexM3\ARM_GCC_541\Debug\DAC.a(UART_1_IntClock.o)
 .debug_frame   0x000008c0       0xe0 .\CortexM3\ARM_GCC_541\Debug\DAC.a(WaveDAC8_1_DacClk.o)
 .debug_frame   0x000009a0       0x54 .\CortexM3\ARM_GCC_541\Debug\DAC.a(WaveDAC8_1_Wave1_DMA_dma.o)
 .debug_frame   0x000009f4       0x54 .\CortexM3\ARM_GCC_541\Debug\DAC.a(WaveDAC8_1_Wave2_DMA_dma.o)
 .debug_frame   0x00000a48       0xb4 .\CortexM3\ARM_GCC_541\Debug\DAC.a(WaveDAC8_1_VDAC8.o)
 .debug_frame   0x00000afc      0x1f8 .\CortexM3\ARM_GCC_541\Debug\DAC.a(CyDmac.o)
 .debug_frame   0x00000cf4      0x738 .\CortexM3\ARM_GCC_541\Debug\DAC.a(CyLib.o)
 .debug_frame   0x0000142c      0x1f8 .\CortexM3\ARM_GCC_541\Debug\DAC.a(cyPm.o)
 .debug_frame   0x00001624       0x78 .\CortexM3\ARM_GCC_541\Debug\DAC.a(WaveDAC8_1_BuffAmp.o)
 .debug_frame   0x0000169c      0x194 .\CortexM3\ARM_GCC_541\Debug\DAC.a(CyFlash.o)
 .debug_frame   0x00001830      0x180 .\CortexM3\ARM_GCC_541\Debug\DAC.a(CySpc.o)
 .debug_frame   0x000019b0       0x44 c:/program files (x86)/cypress/psoc creator/4.3/psoc creator/import/gnu/arm/5.4.1/bin/../lib/gcc/arm-none-eabi/5.4.1/armv7-m\libgcc.a(_aeabi_ldivmod.o)
 .debug_frame   0x000019f4       0x38 c:/program files (x86)/cypress/psoc creator/4.3/psoc creator/import/gnu/arm/5.4.1/bin/../lib/gcc/arm-none-eabi/5.4.1/armv7-m\libgcc.a(_udivmoddi4.o)
 .debug_frame   0x00001a2c       0x20 c:/program files (x86)/cypress/psoc creator/4.3/psoc creator/import/gnu/arm/5.4.1/bin/../lib/gcc/arm-none-eabi/5.4.1/../../../../arm-none-eabi/lib/armv7-m\libg_nano.a(lib_a-errno.o)
 .debug_frame   0x00001a4c       0x28 c:/program files (x86)/cypress/psoc creator/4.3/psoc creator/import/gnu/arm/5.4.1/bin/../lib/gcc/arm-none-eabi/5.4.1/../../../../arm-none-eabi/lib/armv7-m\libg_nano.a(lib_a-exit.o)
 .debug_frame   0x00001a74       0x2c c:/program files (x86)/cypress/psoc creator/4.3/psoc creator/import/gnu/arm/5.4.1/bin/../lib/gcc/arm-none-eabi/5.4.1/../../../../arm-none-eabi/lib/armv7-m\libg_nano.a(lib_a-init.o)
 .debug_frame   0x00001aa0       0x28 c:/program files (x86)/cypress/psoc creator/4.3/psoc creator/import/gnu/arm/5.4.1/bin/../lib/gcc/arm-none-eabi/5.4.1/../../../../arm-none-eabi/lib/armv7-m\libg_nano.a(lib_a-memcpy-stub.o)
 .debug_frame   0x00001ac8       0x20 c:/program files (x86)/cypress/psoc creator/4.3/psoc creator/import/gnu/arm/5.4.1/bin/../lib/gcc/arm-none-eabi/5.4.1/../../../../arm-none-eabi/lib/armv7-m\libg_nano.a(lib_a-memset.o)
 .debug_frame   0x00001ae8       0x70 c:/program files (x86)/cypress/psoc creator/4.3/psoc creator/import/gnu/arm/5.4.1/bin/../lib/gcc/arm-none-eabi/5.4.1/../../../../arm-none-eabi/lib/armv7-m\libg_nano.a(lib_a-sprintf.o)
 .debug_frame   0x00001b58       0x90 c:/program files (x86)/cypress/psoc creator/4.3/psoc creator/import/gnu/arm/5.4.1/bin/../lib/gcc/arm-none-eabi/5.4.1/../../../../arm-none-eabi/lib/armv7-m\libg_nano.a(lib_a-nano-svfprintf.o)
 .debug_frame   0x00001be8       0x60 c:/program files (x86)/cypress/psoc creator/4.3/psoc creator/import/gnu/arm/5.4.1/bin/../lib/gcc/arm-none-eabi/5.4.1/../../../../arm-none-eabi/lib/armv7-m\libg_nano.a(lib_a-nano-vfprintf_i.o)
 .debug_frame   0x00001c48       0x28 c:/program files (x86)/cypress/psoc creator/4.3/psoc creator/import/gnu/arm/5.4.1/bin/../lib/gcc/arm-none-eabi/5.4.1/../../../../arm-none-eabi/lib/armv7-m\libg_nano.a(lib_a-memchr-stub.o)
 .debug_frame   0x00001c70       0x28 c:/program files (x86)/cypress/psoc creator/4.3/psoc creator/import/gnu/arm/5.4.1/bin/../lib/gcc/arm-none-eabi/5.4.1/../../../../arm-none-eabi/lib/armv7-m\libg_nano.a(lib_a-memmove.o)
 .debug_frame   0x00001c98       0x38 c:/program files (x86)/cypress/psoc creator/4.3/psoc creator/import/gnu/arm/5.4.1/bin/../lib/gcc/arm-none-eabi/5.4.1/../../../../arm-none-eabi/lib/armv7-m\libg_nano.a(lib_a-nano-freer.o)
 .debug_frame   0x00001cd0       0x2c c:/program files (x86)/cypress/psoc creator/4.3/psoc creator/import/gnu/arm/5.4.1/bin/../lib/gcc/arm-none-eabi/5.4.1/../../../../arm-none-eabi/lib/armv7-m\libg_nano.a(lib_a-nano-mallocr.o)
 .debug_frame   0x00001cfc       0x3c c:/program files (x86)/cypress/psoc creator/4.3/psoc creator/import/gnu/arm/5.4.1/bin/../lib/gcc/arm-none-eabi/5.4.1/../../../../arm-none-eabi/lib/armv7-m\libg_nano.a(lib_a-nano-reallocr.o)
 .debug_frame   0x00001d38       0x2c c:/program files (x86)/cypress/psoc creator/4.3/psoc creator/import/gnu/arm/5.4.1/bin/../lib/gcc/arm-none-eabi/5.4.1/../../../../arm-none-eabi/lib/armv7-m\libg_nano.a(lib_a-sbrkr.o)
 .debug_frame   0x00001d64       0x30 c:/program files (x86)/cypress/psoc creator/4.3/psoc creator/import/gnu/arm/5.4.1/bin/../lib/gcc/arm-none-eabi/5.4.1/../../../../arm-none-eabi/lib/armv7-m\libg_nano.a(lib_a-mlock.o)
 .debug_frame   0x00001d94       0x20 c:/program files (x86)/cypress/psoc creator/4.3/psoc creator/import/gnu/arm/5.4.1/bin/../lib/gcc/arm-none-eabi/5.4.1/../../../../arm-none-eabi/lib/armv7-m\libg_nano.a(lib_a-nano-msizer.o)
 .debug_frame   0x00001db4       0x5c c:/program files (x86)/cypress/psoc creator/4.3/psoc creator/import/gnu/arm/5.4.1/bin/../lib/gcc/arm-none-eabi/5.4.1/../../../../arm-none-eabi/lib/armv7-m\libg_nano.a(lib_a-reent.o)

.debug_str      0x00000000     0x2478
 *(.debug_str)
 .debug_str     0x00000000      0x1f0 .\CortexM3\ARM_GCC_541\Debug\main.o
                                0x23e (size before relaxing)
 .debug_str     0x000001f0      0x1bf .\CortexM3\ARM_GCC_541\Debug\cyfitter_cfg.o
                                0x353 (size before relaxing)
 .debug_str     0x000003af       0x7f .\CortexM3\ARM_GCC_541\Debug\cymetadata.o
                                0x1e9 (size before relaxing)
 .debug_str     0x0000042e      0x154 .\CortexM3\ARM_GCC_541\Debug\Cm3Start.o
                                0x31f (size before relaxing)
 .debug_str     0x00000582      0x1fa .\CortexM3\ARM_GCC_541\Debug\DAC.a(ADC.o)
                                0x42c (size before relaxing)
 .debug_str     0x0000077c       0x29 .\CortexM3\ARM_GCC_541\Debug\DAC.a(ADC_INT.o)
                                0x194 (size before relaxing)
 .debug_str     0x000007a5      0x2ae .\CortexM3\ARM_GCC_541\Debug\DAC.a(UART_1.o)
                                0x4b8 (size before relaxing)
 .debug_str     0x00000a53      0x2fb .\CortexM3\ARM_GCC_541\Debug\DAC.a(WaveDAC8_1.o)
                                0x4a0 (size before relaxing)
 .debug_str     0x00000d4e      0x1bf .\CortexM3\ARM_GCC_541\Debug\DAC.a(ADC_theACLK.o)
                                0x366 (size before relaxing)
 .debug_str     0x00000f0d      0x14c .\CortexM3\ARM_GCC_541\Debug\DAC.a(UART_1_IntClock.o)
                                0x353 (size before relaxing)
 .debug_str     0x00001059      0x160 .\CortexM3\ARM_GCC_541\Debug\DAC.a(WaveDAC8_1_DacClk.o)
                                0x36b (size before relaxing)
 .debug_str     0x000011b9       0xee .\CortexM3\ARM_GCC_541\Debug\DAC.a(WaveDAC8_1_Wave1_DMA_dma.o)
                                0x2ad (size before relaxing)
 .debug_str     0x000012a7       0x71 .\CortexM3\ARM_GCC_541\Debug\DAC.a(WaveDAC8_1_Wave2_DMA_dma.o)
                                0x2ad (size before relaxing)
 .debug_str     0x00001318       0x84 .\CortexM3\ARM_GCC_541\Debug\DAC.a(WaveDAC8_1_VDAC8.o)
                                0x292 (size before relaxing)
 .debug_str     0x0000139c      0x2b2 .\CortexM3\ARM_GCC_541\Debug\DAC.a(CyDmac.o)
                                0x54f (size before relaxing)
 .debug_str     0x0000164e      0x7ca .\CortexM3\ARM_GCC_541\Debug\DAC.a(CyLib.o)
                                0xa4c (size before relaxing)
 .debug_str     0x00001e18      0x365 .\CortexM3\ARM_GCC_541\Debug\DAC.a(cyPm.o)
                                0x738 (size before relaxing)
 .debug_str     0x0000217d       0x94 .\CortexM3\ARM_GCC_541\Debug\DAC.a(WaveDAC8_1_BuffAmp.o)
                                0x257 (size before relaxing)
 .debug_str     0x00002211      0x1bb .\CortexM3\ARM_GCC_541\Debug\DAC.a(CyFlash.o)
                                0x3c5 (size before relaxing)
 .debug_str     0x000023cc       0xac .\CortexM3\ARM_GCC_541\Debug\DAC.a(CySpc.o)
                                0x33d (size before relaxing)

.debug_loc      0x00000000     0x315c
 *(.debug_loc)
 .debug_loc     0x00000000       0x13 .\CortexM3\ARM_GCC_541\Debug\main.o
 .debug_loc     0x00000013      0x280 .\CortexM3\ARM_GCC_541\Debug\cyfitter_cfg.o
 .debug_loc     0x00000293      0x144 .\CortexM3\ARM_GCC_541\Debug\Cm3Start.o
 .debug_loc     0x000003d7      0x295 .\CortexM3\ARM_GCC_541\Debug\DAC.a(ADC.o)
 .debug_loc     0x0000066c      0x258 .\CortexM3\ARM_GCC_541\Debug\DAC.a(UART_1.o)
 .debug_loc     0x000008c4      0x11b .\CortexM3\ARM_GCC_541\Debug\DAC.a(WaveDAC8_1.o)
 .debug_loc     0x000009df      0x14d .\CortexM3\ARM_GCC_541\Debug\DAC.a(ADC_theACLK.o)
 .debug_loc     0x00000b2c      0x12c .\CortexM3\ARM_GCC_541\Debug\DAC.a(UART_1_IntClock.o)
 .debug_loc     0x00000c58      0x128 .\CortexM3\ARM_GCC_541\Debug\DAC.a(WaveDAC8_1_DacClk.o)
 .debug_loc     0x00000d80       0x84 .\CortexM3\ARM_GCC_541\Debug\DAC.a(WaveDAC8_1_Wave1_DMA_dma.o)
 .debug_loc     0x00000e04       0x84 .\CortexM3\ARM_GCC_541\Debug\DAC.a(WaveDAC8_1_Wave2_DMA_dma.o)
 .debug_loc     0x00000e88       0x79 .\CortexM3\ARM_GCC_541\Debug\DAC.a(WaveDAC8_1_VDAC8.o)
 .debug_loc     0x00000f01      0xb8e .\CortexM3\ARM_GCC_541\Debug\DAC.a(CyDmac.o)
 .debug_loc     0x00001a8f      0xa11 .\CortexM3\ARM_GCC_541\Debug\DAC.a(CyLib.o)
 .debug_loc     0x000024a0      0x1e4 .\CortexM3\ARM_GCC_541\Debug\DAC.a(cyPm.o)
 .debug_loc     0x00002684       0x21 .\CortexM3\ARM_GCC_541\Debug\DAC.a(WaveDAC8_1_BuffAmp.o)
 .debug_loc     0x000026a5      0x3b2 .\CortexM3\ARM_GCC_541\Debug\DAC.a(CyFlash.o)
 .debug_loc     0x00002a57      0x705 .\CortexM3\ARM_GCC_541\Debug\DAC.a(CySpc.o)

.debug_macinfo
 *(.debug_macinfo)

.debug_ranges   0x00000000      0x8f8
 *(.debug_ranges)
 .debug_ranges  0x00000000       0x10 .\CortexM3\ARM_GCC_541\Debug\main.o
 .debug_ranges  0x00000010       0x48 .\CortexM3\ARM_GCC_541\Debug\cyfitter_cfg.o
 .debug_ranges  0x00000058       0x38 .\CortexM3\ARM_GCC_541\Debug\Cm3Start.o
 .debug_ranges  0x00000090       0x98 .\CortexM3\ARM_GCC_541\Debug\DAC.a(ADC.o)
 .debug_ranges  0x00000128       0x10 .\CortexM3\ARM_GCC_541\Debug\DAC.a(ADC_INT.o)
 .debug_ranges  0x00000138       0xe0 .\CortexM3\ARM_GCC_541\Debug\DAC.a(UART_1.o)
 .debug_ranges  0x00000218       0x40 .\CortexM3\ARM_GCC_541\Debug\DAC.a(WaveDAC8_1.o)
 .debug_ranges  0x00000258       0x70 .\CortexM3\ARM_GCC_541\Debug\DAC.a(ADC_theACLK.o)
 .debug_ranges  0x000002c8       0x60 .\CortexM3\ARM_GCC_541\Debug\DAC.a(UART_1_IntClock.o)
 .debug_ranges  0x00000328       0x60 .\CortexM3\ARM_GCC_541\Debug\DAC.a(WaveDAC8_1_DacClk.o)
 .debug_ranges  0x00000388       0x18 .\CortexM3\ARM_GCC_541\Debug\DAC.a(WaveDAC8_1_Wave1_DMA_dma.o)
 .debug_ranges  0x000003a0       0x18 .\CortexM3\ARM_GCC_541\Debug\DAC.a(WaveDAC8_1_Wave2_DMA_dma.o)
 .debug_ranges  0x000003b8       0x48 .\CortexM3\ARM_GCC_541\Debug\DAC.a(WaveDAC8_1_VDAC8.o)
 .debug_ranges  0x00000400       0xc8 .\CortexM3\ARM_GCC_541\Debug\DAC.a(CyDmac.o)
 .debug_ranges  0x000004c8      0x290 .\CortexM3\ARM_GCC_541\Debug\DAC.a(CyLib.o)
 .debug_ranges  0x00000758       0x88 .\CortexM3\ARM_GCC_541\Debug\DAC.a(cyPm.o)
 .debug_ranges  0x000007e0       0x30 .\CortexM3\ARM_GCC_541\Debug\DAC.a(WaveDAC8_1_BuffAmp.o)
 .debug_ranges  0x00000810       0x78 .\CortexM3\ARM_GCC_541\Debug\DAC.a(CyFlash.o)
 .debug_ranges  0x00000888       0x70 .\CortexM3\ARM_GCC_541\Debug\DAC.a(CySpc.o)

.comment        0x00000000       0x6e
 .comment       0x00000000       0x6e .\CortexM3\ARM_GCC_541\Debug\main.o
                                 0x6f (size before relaxing)
 .comment       0x0000006e       0x6f .\CortexM3\ARM_GCC_541\Debug\cyfitter_cfg.o
 .comment       0x0000006e       0x6f .\CortexM3\ARM_GCC_541\Debug\cymetadata.o
 .comment       0x0000006e       0x6f .\CortexM3\ARM_GCC_541\Debug\Cm3Start.o
 .comment       0x0000006e       0x6f .\CortexM3\ARM_GCC_541\Debug\DAC.a(ADC.o)
 .comment       0x0000006e       0x6f .\CortexM3\ARM_GCC_541\Debug\DAC.a(ADC_INT.o)
 .comment       0x0000006e       0x6f .\CortexM3\ARM_GCC_541\Debug\DAC.a(UART_1.o)
 .comment       0x0000006e       0x6f .\CortexM3\ARM_GCC_541\Debug\DAC.a(WaveDAC8_1.o)
 .comment       0x0000006e       0x6f .\CortexM3\ARM_GCC_541\Debug\DAC.a(ADC_theACLK.o)
 .comment       0x0000006e       0x6f .\CortexM3\ARM_GCC_541\Debug\DAC.a(UART_1_IntClock.o)
 .comment       0x0000006e       0x6f .\CortexM3\ARM_GCC_541\Debug\DAC.a(WaveDAC8_1_DacClk.o)
 .comment       0x0000006e       0x6f .\CortexM3\ARM_GCC_541\Debug\DAC.a(WaveDAC8_1_Wave1_DMA_dma.o)
 .comment       0x0000006e       0x6f .\CortexM3\ARM_GCC_541\Debug\DAC.a(WaveDAC8_1_Wave2_DMA_dma.o)
 .comment       0x0000006e       0x6f .\CortexM3\ARM_GCC_541\Debug\DAC.a(WaveDAC8_1_VDAC8.o)
 .comment       0x0000006e       0x6f .\CortexM3\ARM_GCC_541\Debug\DAC.a(CyDmac.o)
 .comment       0x0000006e       0x6f .\CortexM3\ARM_GCC_541\Debug\DAC.a(CyLib.o)
 .comment       0x0000006e       0x6f .\CortexM3\ARM_GCC_541\Debug\DAC.a(cyPm.o)
 .comment       0x0000006e       0x6f .\CortexM3\ARM_GCC_541\Debug\DAC.a(WaveDAC8_1_BuffAmp.o)
 .comment       0x0000006e       0x6f .\CortexM3\ARM_GCC_541\Debug\DAC.a(CyFlash.o)
 .comment       0x0000006e       0x6f .\CortexM3\ARM_GCC_541\Debug\DAC.a(CySpc.o)

.debug_weaknames
 *(.debug_weaknames)

.debug_funcnames
 *(.debug_funcnames)

.debug_typenames
 *(.debug_typenames)

.debug_varnames
 *(.debug_varnames)

.note.gnu.arm.ident
 *(.note.gnu.arm.ident)

.ARM.attributes
                0x00000000       0x29
 *(.ARM.attributes)
 .ARM.attributes
                0x00000000       0x1d c:/program files (x86)/cypress/psoc creator/4.3/psoc creator/import/gnu/arm/5.4.1/bin/../lib/gcc/arm-none-eabi/5.4.1/armv7-m/crti.o
 .ARM.attributes
                0x0000001d       0x2d c:/program files (x86)/cypress/psoc creator/4.3/psoc creator/import/gnu/arm/5.4.1/bin/../lib/gcc/arm-none-eabi/5.4.1/armv7-m/crtbegin.o
 .ARM.attributes
                0x0000004a       0x1b c:/program files (x86)/cypress/psoc creator/4.3/psoc creator/import/gnu/arm/5.4.1/bin/../lib/gcc/arm-none-eabi/5.4.1/../../../../arm-none-eabi/lib/armv7-m/crt0.o
 .ARM.attributes
                0x00000065       0x33 .\CortexM3\ARM_GCC_541\Debug\main.o
 .ARM.attributes
                0x00000098       0x33 .\CortexM3\ARM_GCC_541\Debug\cyfitter_cfg.o
 .ARM.attributes
                0x000000cb       0x33 .\CortexM3\ARM_GCC_541\Debug\cymetadata.o
 .ARM.attributes
                0x000000fe       0x33 .\CortexM3\ARM_GCC_541\Debug\Cm3Start.o
 .ARM.attributes
                0x00000131       0x33 .\CortexM3\ARM_GCC_541\Debug\DAC.a(ADC.o)
 .ARM.attributes
                0x00000164       0x33 .\CortexM3\ARM_GCC_541\Debug\DAC.a(ADC_INT.o)
 .ARM.attributes
                0x00000197       0x33 .\CortexM3\ARM_GCC_541\Debug\DAC.a(UART_1.o)
 .ARM.attributes
                0x000001ca       0x33 .\CortexM3\ARM_GCC_541\Debug\DAC.a(WaveDAC8_1.o)
 .ARM.attributes
                0x000001fd       0x33 .\CortexM3\ARM_GCC_541\Debug\DAC.a(ADC_theACLK.o)
 .ARM.attributes
                0x00000230       0x33 .\CortexM3\ARM_GCC_541\Debug\DAC.a(UART_1_IntClock.o)
 .ARM.attributes
                0x00000263       0x33 .\CortexM3\ARM_GCC_541\Debug\DAC.a(WaveDAC8_1_DacClk.o)
 .ARM.attributes
                0x00000296       0x33 .\CortexM3\ARM_GCC_541\Debug\DAC.a(WaveDAC8_1_Wave1_DMA_dma.o)
 .ARM.attributes
                0x000002c9       0x33 .\CortexM3\ARM_GCC_541\Debug\DAC.a(WaveDAC8_1_Wave2_DMA_dma.o)
 .ARM.attributes
                0x000002fc       0x33 .\CortexM3\ARM_GCC_541\Debug\DAC.a(WaveDAC8_1_VDAC8.o)
 .ARM.attributes
                0x0000032f       0x33 .\CortexM3\ARM_GCC_541\Debug\DAC.a(CyDmac.o)
 .ARM.attributes
                0x00000362       0x33 .\CortexM3\ARM_GCC_541\Debug\DAC.a(CyLib.o)
 .ARM.attributes
                0x00000395       0x33 .\CortexM3\ARM_GCC_541\Debug\DAC.a(cyPm.o)
 .ARM.attributes
                0x000003c8       0x33 .\CortexM3\ARM_GCC_541\Debug\DAC.a(WaveDAC8_1_BuffAmp.o)
 .ARM.attributes
                0x000003fb       0x21 .\CortexM3\ARM_GCC_541\Debug\DAC.a(CyBootAsmGnu.o)
 .ARM.attributes
                0x0000041c       0x33 .\CortexM3\ARM_GCC_541\Debug\DAC.a(CyFlash.o)
 .ARM.attributes
                0x0000044f       0x33 .\CortexM3\ARM_GCC_541\Debug\DAC.a(CySpc.o)
 .ARM.attributes
                0x00000482       0x1d c:/program files (x86)/cypress/psoc creator/4.3/psoc creator/import/gnu/arm/5.4.1/bin/../lib/gcc/arm-none-eabi/5.4.1/armv7-m\libgcc.a(_arm_addsubsf3.o)
 .ARM.attributes
                0x0000049f       0x1d c:/program files (x86)/cypress/psoc creator/4.3/psoc creator/import/gnu/arm/5.4.1/bin/../lib/gcc/arm-none-eabi/5.4.1/armv7-m\libgcc.a(_arm_muldivsf3.o)
 .ARM.attributes
                0x000004bc       0x1d c:/program files (x86)/cypress/psoc creator/4.3/psoc creator/import/gnu/arm/5.4.1/bin/../lib/gcc/arm-none-eabi/5.4.1/armv7-m\libgcc.a(_aeabi_ldivmod.o)
 .ARM.attributes
                0x000004d9       0x2d c:/program files (x86)/cypress/psoc creator/4.3/psoc creator/import/gnu/arm/5.4.1/bin/../lib/gcc/arm-none-eabi/5.4.1/armv7-m\libgcc.a(_udivmoddi4.o)
 .ARM.attributes
                0x00000506       0x1d c:/program files (x86)/cypress/psoc creator/4.3/psoc creator/import/gnu/arm/5.4.1/bin/../lib/gcc/arm-none-eabi/5.4.1/armv7-m\libgcc.a(_dvmd_tls.o)
 .ARM.attributes
                0x00000523       0x2d c:/program files (x86)/cypress/psoc creator/4.3/psoc creator/import/gnu/arm/5.4.1/bin/../lib/gcc/arm-none-eabi/5.4.1/../../../../arm-none-eabi/lib/armv7-m\libg_nano.a(lib_a-errno.o)
 .ARM.attributes
                0x00000550       0x2d c:/program files (x86)/cypress/psoc creator/4.3/psoc creator/import/gnu/arm/5.4.1/bin/../lib/gcc/arm-none-eabi/5.4.1/../../../../arm-none-eabi/lib/armv7-m\libg_nano.a(lib_a-exit.o)
 .ARM.attributes
                0x0000057d       0x2d c:/program files (x86)/cypress/psoc creator/4.3/psoc creator/import/gnu/arm/5.4.1/bin/../lib/gcc/arm-none-eabi/5.4.1/../../../../arm-none-eabi/lib/armv7-m\libg_nano.a(lib_a-impure.o)
 .ARM.attributes
                0x000005aa       0x2d c:/program files (x86)/cypress/psoc creator/4.3/psoc creator/import/gnu/arm/5.4.1/bin/../lib/gcc/arm-none-eabi/5.4.1/../../../../arm-none-eabi/lib/armv7-m\libg_nano.a(lib_a-init.o)
 .ARM.attributes
                0x000005d7       0x2d c:/program files (x86)/cypress/psoc creator/4.3/psoc creator/import/gnu/arm/5.4.1/bin/../lib/gcc/arm-none-eabi/5.4.1/../../../../arm-none-eabi/lib/armv7-m\libg_nano.a(lib_a-memcpy-stub.o)
 .ARM.attributes
                0x00000604       0x2d c:/program files (x86)/cypress/psoc creator/4.3/psoc creator/import/gnu/arm/5.4.1/bin/../lib/gcc/arm-none-eabi/5.4.1/../../../../arm-none-eabi/lib/armv7-m\libg_nano.a(lib_a-memset.o)
 .ARM.attributes
                0x00000631       0x2d c:/program files (x86)/cypress/psoc creator/4.3/psoc creator/import/gnu/arm/5.4.1/bin/../lib/gcc/arm-none-eabi/5.4.1/../../../../arm-none-eabi/lib/armv7-m\libg_nano.a(lib_a-sprintf.o)
 .ARM.attributes
                0x0000065e       0x2d c:/program files (x86)/cypress/psoc creator/4.3/psoc creator/import/gnu/arm/5.4.1/bin/../lib/gcc/arm-none-eabi/5.4.1/../../../../arm-none-eabi/lib/armv7-m\libg_nano.a(lib_a-nano-svfprintf.o)
 .ARM.attributes
                0x0000068b       0x2d c:/program files (x86)/cypress/psoc creator/4.3/psoc creator/import/gnu/arm/5.4.1/bin/../lib/gcc/arm-none-eabi/5.4.1/../../../../arm-none-eabi/lib/armv7-m\libg_nano.a(lib_a-nano-vfprintf_i.o)
 .ARM.attributes
                0x000006b8       0x2d c:/program files (x86)/cypress/psoc creator/4.3/psoc creator/import/gnu/arm/5.4.1/bin/../lib/gcc/arm-none-eabi/5.4.1/../../../../arm-none-eabi/lib/armv7-m\libg_nano.a(lib_a-memchr-stub.o)
 .ARM.attributes
                0x000006e5       0x2d c:/program files (x86)/cypress/psoc creator/4.3/psoc creator/import/gnu/arm/5.4.1/bin/../lib/gcc/arm-none-eabi/5.4.1/../../../../arm-none-eabi/lib/armv7-m\libg_nano.a(lib_a-memmove.o)
 .ARM.attributes
                0x00000712       0x2d c:/program files (x86)/cypress/psoc creator/4.3/psoc creator/import/gnu/arm/5.4.1/bin/../lib/gcc/arm-none-eabi/5.4.1/../../../../arm-none-eabi/lib/armv7-m\libg_nano.a(lib_a-nano-freer.o)
 .ARM.attributes
                0x0000073f       0x2d c:/program files (x86)/cypress/psoc creator/4.3/psoc creator/import/gnu/arm/5.4.1/bin/../lib/gcc/arm-none-eabi/5.4.1/../../../../arm-none-eabi/lib/armv7-m\libg_nano.a(lib_a-nano-mallocr.o)
 .ARM.attributes
                0x0000076c       0x2d c:/program files (x86)/cypress/psoc creator/4.3/psoc creator/import/gnu/arm/5.4.1/bin/../lib/gcc/arm-none-eabi/5.4.1/../../../../arm-none-eabi/lib/armv7-m\libg_nano.a(lib_a-nano-reallocr.o)
 .ARM.attributes
                0x00000799       0x2d c:/program files (x86)/cypress/psoc creator/4.3/psoc creator/import/gnu/arm/5.4.1/bin/../lib/gcc/arm-none-eabi/5.4.1/../../../../arm-none-eabi/lib/armv7-m\libg_nano.a(lib_a-sbrkr.o)
 .ARM.attributes
                0x000007c6       0x2d c:/program files (x86)/cypress/psoc creator/4.3/psoc creator/import/gnu/arm/5.4.1/bin/../lib/gcc/arm-none-eabi/5.4.1/../../../../arm-none-eabi/lib/armv7-m\libg_nano.a(lib_a-mlock.o)
 .ARM.attributes
                0x000007f3       0x2d c:/program files (x86)/cypress/psoc creator/4.3/psoc creator/import/gnu/arm/5.4.1/bin/../lib/gcc/arm-none-eabi/5.4.1/../../../../arm-none-eabi/lib/armv7-m\libg_nano.a(lib_a-nano-msizer.o)
 .ARM.attributes
                0x00000820       0x2d c:/program files (x86)/cypress/psoc creator/4.3/psoc creator/import/gnu/arm/5.4.1/bin/../lib/gcc/arm-none-eabi/5.4.1/../../../../arm-none-eabi/lib/armv7-m\libg_nano.a(lib_a-reent.o)
 .ARM.attributes
                0x0000084d       0x2d c:/program files (x86)/cypress/psoc creator/4.3/psoc creator/import/gnu/arm/5.4.1/bin/../lib/gcc/arm-none-eabi/5.4.1/armv7-m/crtend.o
 .ARM.attributes
                0x0000087a       0x1d c:/program files (x86)/cypress/psoc creator/4.3/psoc creator/import/gnu/arm/5.4.1/bin/../lib/gcc/arm-none-eabi/5.4.1/armv7-m/crtn.o

/DISCARD/
 *(.note.GNU-stack)
OUTPUT(C:\Users\RRamirezC\Documents\PSoC Creator\Tutorial_7_DAC\DAC\DAC.cydsn\CortexM3\ARM_GCC_541\Debug\DAC.elf elf32-littlearm)
